[2026-07-15 00:00:21] === CRON DIMULAI ===
[2026-07-15 00:00:21] Token valid - melanjutkan proses
[2026-07-15 00:00:21] Mengecek jadwal_pesan_grup dengan status pending
[2026-07-15 00:00:21] Ditemukan 39 jadwal pending
[2026-07-15 00:00:21] Waktu eksekusi: Hari=3, Jam=00:00, Tanggal=2026-07-15
[2026-07-15 00:00:21] Memproses ID: 664 | Grup: 6288223053149-1625812872@g.us
[2026-07-15 00:00:21] Memproses ID: 665 | Grup: 120363027086389205@g.us
[2026-07-15 00:00:21] Memproses ID: 666 | Grup: 120363026286576758@g.us
[2026-07-15 00:00:21] Memproses ID: 667 | Grup: 120363401476398760@g.us
[2026-07-15 00:00:21] Memproses ID: 668 | Grup: 120363029518433218@g.us
[2026-07-15 00:00:21] Memproses ID: 669 | Grup: 120363045388200123@g.us
[2026-07-15 00:00:21] Memproses ID: 670 | Grup: 120363144011863882@g.us
[2026-07-15 00:00:21] Memproses ID: 671 | Grup: 120363142682976996@g.us
[2026-07-15 00:00:21] Memproses ID: 672 | Grup: 120363165381104636@g.us
[2026-07-15 00:00:21] Memproses ID: 673 | Grup: 120363177621854990@g.us
[2026-07-15 00:00:21] Memproses ID: 674 | Grup: 120363166772548040@g.us
[2026-07-15 00:00:21] Memproses ID: 675 | Grup: 6288223053149-1628933654@g.us
[2026-07-15 00:00:21] Memproses ID: 676 | Grup: 120363307103423619@g.us
[2026-07-15 00:00:21] Memproses ID: 677 | Grup: 120363048096640049@g.us
[2026-07-15 00:00:21] Memproses ID: 678 | Grup: 120363420332987254@g.us
[2026-07-15 00:00:21] Memproses ID: 679 | Grup: 120363427600194189@g.us
[2026-07-15 00:00:21] Memproses ID: 680 | Grup: 120363424981128061@g.us
[2026-07-15 00:00:21] Memproses ID: 681 | Grup: 120363423682419095@g.us
[2026-07-15 00:00:21] Memproses ID: 682 | Grup: 120363407529692762@g.us
[2026-07-15 00:00:21] Memproses ID: 683 | Grup: 120363424404884002@g.us
[2026-07-15 00:00:21] Memproses ID: 684 | Grup: 120363039363103038@g.us
[2026-07-15 00:00:21] Memproses ID: 685 | Grup: 120363038976138602@g.us
[2026-07-15 00:00:21] Memproses ID: 686 | Grup: 120363021460733716@g.us
[2026-07-15 00:00:21] Memproses ID: 687 | Grup: 120363040515520871@g.us
[2026-07-15 00:00:21] Memproses ID: 688 | Grup: 120363043172695401@g.us
[2026-07-15 00:00:21] Memproses ID: 689 | Grup: 120363050265854008@g.us
[2026-07-15 00:00:21] Memproses ID: 690 | Grup: 120363044190434149@g.us
[2026-07-15 00:00:21] Memproses ID: 691 | Grup: 6288223053149-1628990310@g.us
[2026-07-15 00:00:21] Memproses ID: 692 | Grup: 120363423439597045@g.us
[2026-07-15 00:00:21] Memproses ID: 693 | Grup: 120363423928156450@g.us
[2026-07-15 00:00:21] Memproses ID: 694 | Grup: 120363408071243350@g.us
[2026-07-15 00:00:21] Memproses ID: 695 | Grup: 120363039389503844@g.us
[2026-07-15 00:00:21] Memproses ID: 696 | Grup: 120363044444176204@g.us
[2026-07-15 00:00:21] Memproses ID: 697 | Grup: 120363141667377593@g.us
[2026-07-15 00:00:21] Memproses ID: 698 | Grup: 120363162998144080@g.us
[2026-07-15 00:00:21] Memproses ID: 699 | Grup: 120363385903573100@g.us
[2026-07-15 00:00:21] Memproses ID: 700 | Grup: 120363411064755393@g.us
[2026-07-15 00:00:21] Memproses ID: 701 | Grup: 120363417313292596@g.us
[2026-07-15 00:00:21] Memproses ID: 702 | Grup: 120363401939395995@g.us
[2026-07-15 00:00:21] === CRON SELESAI - Total diproses: 0 ===
[2026-07-15 00:05:49] === CRON DIMULAI ===
[2026-07-15 00:05:49] Token valid - melanjutkan proses
[2026-07-15 00:05:49] Mengecek jadwal_pesan_grup dengan status pending
[2026-07-15 00:05:49] Ditemukan 39 jadwal pending
[2026-07-15 00:05:49] Waktu eksekusi: Hari=3, Jam=00:05, Tanggal=2026-07-15
[2026-07-15 00:05:49] Memproses ID: 664 | Grup: 6288223053149-1625812872@g.us
[2026-07-15 00:05:49] Memproses ID: 665 | Grup: 120363027086389205@g.us
[2026-07-15 00:05:49] Memproses ID: 666 | Grup: 120363026286576758@g.us
[2026-07-15 00:05:49] Memproses ID: 667 | Grup: 120363401476398760@g.us
[2026-07-15 00:05:49] Memproses ID: 668 | Grup: 120363029518433218@g.us
[2026-07-15 00:05:49] Memproses ID: 669 | Grup: 120363045388200123@g.us
[2026-07-15 00:05:49] Memproses ID: 670 | Grup: 120363144011863882@g.us
[2026-07-15 00:05:49] Memproses ID: 671 | Grup: 120363142682976996@g.us
[2026-07-15 00:05:49] Memproses ID: 672 | Grup: 120363165381104636@g.us
[2026-07-15 00:05:49] Memproses ID: 673 | Grup: 120363177621854990@g.us
[2026-07-15 00:05:49] Memproses ID: 674 | Grup: 120363166772548040@g.us
[2026-07-15 00:05:49] Memproses ID: 675 | Grup: 6288223053149-1628933654@g.us
[2026-07-15 00:05:49] Memproses ID: 676 | Grup: 120363307103423619@g.us
[2026-07-15 00:05:49] Memproses ID: 677 | Grup: 120363048096640049@g.us
[2026-07-15 00:05:49] Memproses ID: 678 | Grup: 120363420332987254@g.us
[2026-07-15 00:05:49] Memproses ID: 679 | Grup: 120363427600194189@g.us
[2026-07-15 00:05:49] Memproses ID: 680 | Grup: 120363424981128061@g.us
[2026-07-15 00:05:49] Memproses ID: 681 | Grup: 120363423682419095@g.us
[2026-07-15 00:05:49] Memproses ID: 682 | Grup: 120363407529692762@g.us
[2026-07-15 00:05:49] Memproses ID: 683 | Grup: 120363424404884002@g.us
[2026-07-15 00:05:49] Memproses ID: 684 | Grup: 120363039363103038@g.us
[2026-07-15 00:05:49] Memproses ID: 685 | Grup: 120363038976138602@g.us
[2026-07-15 00:05:49] Memproses ID: 686 | Grup: 120363021460733716@g.us
[2026-07-15 00:05:49] Memproses ID: 687 | Grup: 120363040515520871@g.us
[2026-07-15 00:05:49] Memproses ID: 688 | Grup: 120363043172695401@g.us
[2026-07-15 00:05:49] Memproses ID: 689 | Grup: 120363050265854008@g.us
[2026-07-15 00:05:49] Memproses ID: 690 | Grup: 120363044190434149@g.us
[2026-07-15 00:05:49] Memproses ID: 691 | Grup: 6288223053149-1628990310@g.us
[2026-07-15 00:05:49] Memproses ID: 692 | Grup: 120363423439597045@g.us
[2026-07-15 00:05:49] Memproses ID: 693 | Grup: 120363423928156450@g.us
[2026-07-15 00:05:49] Memproses ID: 694 | Grup: 120363408071243350@g.us
[2026-07-15 00:05:49] Memproses ID: 695 | Grup: 120363039389503844@g.us
[2026-07-15 00:05:49] Memproses ID: 696 | Grup: 120363044444176204@g.us
[2026-07-15 00:05:49] Memproses ID: 697 | Grup: 120363141667377593@g.us
[2026-07-15 00:05:49] Memproses ID: 698 | Grup: 120363162998144080@g.us
[2026-07-15 00:05:49] Memproses ID: 699 | Grup: 120363385903573100@g.us
[2026-07-15 00:05:49] Memproses ID: 700 | Grup: 120363411064755393@g.us
[2026-07-15 00:05:49] Memproses ID: 701 | Grup: 120363417313292596@g.us
[2026-07-15 00:05:49] Memproses ID: 702 | Grup: 120363401939395995@g.us
[2026-07-15 00:05:49] === CRON SELESAI - Total diproses: 0 ===
[2026-07-15 00:20:50] === CRON DIMULAI ===
[2026-07-15 00:20:50] Token valid - melanjutkan proses
[2026-07-15 00:20:50] Mengecek jadwal_pesan_grup dengan status pending
[2026-07-15 00:20:50] Ditemukan 39 jadwal pending
[2026-07-15 00:20:50] Waktu eksekusi: Hari=3, Jam=00:20, Tanggal=2026-07-15
[2026-07-15 00:20:50] Memproses ID: 664 | Grup: 6288223053149-1625812872@g.us
[2026-07-15 00:20:50] Memproses ID: 665 | Grup: 120363027086389205@g.us
[2026-07-15 00:20:50] Memproses ID: 666 | Grup: 120363026286576758@g.us
[2026-07-15 00:20:50] Memproses ID: 667 | Grup: 120363401476398760@g.us
[2026-07-15 00:20:50] Memproses ID: 668 | Grup: 120363029518433218@g.us
[2026-07-15 00:20:50] Memproses ID: 669 | Grup: 120363045388200123@g.us
[2026-07-15 00:20:50] Memproses ID: 670 | Grup: 120363144011863882@g.us
[2026-07-15 00:20:50] Memproses ID: 671 | Grup: 120363142682976996@g.us
[2026-07-15 00:20:50] Memproses ID: 672 | Grup: 120363165381104636@g.us
[2026-07-15 00:20:50] Memproses ID: 673 | Grup: 120363177621854990@g.us
[2026-07-15 00:20:50] Memproses ID: 674 | Grup: 120363166772548040@g.us
[2026-07-15 00:20:50] Memproses ID: 675 | Grup: 6288223053149-1628933654@g.us
[2026-07-15 00:20:50] Memproses ID: 676 | Grup: 120363307103423619@g.us
[2026-07-15 00:20:50] Memproses ID: 677 | Grup: 120363048096640049@g.us
[2026-07-15 00:20:50] Memproses ID: 678 | Grup: 120363420332987254@g.us
[2026-07-15 00:20:50] Memproses ID: 679 | Grup: 120363427600194189@g.us
[2026-07-15 00:20:50] Memproses ID: 680 | Grup: 120363424981128061@g.us
[2026-07-15 00:20:50] Memproses ID: 681 | Grup: 120363423682419095@g.us
[2026-07-15 00:20:50] Memproses ID: 682 | Grup: 120363407529692762@g.us
[2026-07-15 00:20:50] Memproses ID: 683 | Grup: 120363424404884002@g.us
[2026-07-15 00:20:50] Memproses ID: 684 | Grup: 120363039363103038@g.us
[2026-07-15 00:20:50] Memproses ID: 685 | Grup: 120363038976138602@g.us
[2026-07-15 00:20:50] Memproses ID: 686 | Grup: 120363021460733716@g.us
[2026-07-15 00:20:50] Memproses ID: 687 | Grup: 120363040515520871@g.us
[2026-07-15 00:20:50] Memproses ID: 688 | Grup: 120363043172695401@g.us
[2026-07-15 00:20:50] Memproses ID: 689 | Grup: 120363050265854008@g.us
[2026-07-15 00:20:50] Memproses ID: 690 | Grup: 120363044190434149@g.us
[2026-07-15 00:20:50] Memproses ID: 691 | Grup: 6288223053149-1628990310@g.us
[2026-07-15 00:20:50] Memproses ID: 692 | Grup: 120363423439597045@g.us
[2026-07-15 00:20:50] Memproses ID: 693 | Grup: 120363423928156450@g.us
[2026-07-15 00:20:50] Memproses ID: 694 | Grup: 120363408071243350@g.us
[2026-07-15 00:20:50] Memproses ID: 695 | Grup: 120363039389503844@g.us
[2026-07-15 00:20:50] Memproses ID: 696 | Grup: 120363044444176204@g.us
[2026-07-15 00:20:50] Memproses ID: 697 | Grup: 120363141667377593@g.us
[2026-07-15 00:20:50] Memproses ID: 698 | Grup: 120363162998144080@g.us
[2026-07-15 00:20:50] Memproses ID: 699 | Grup: 120363385903573100@g.us
[2026-07-15 00:20:50] Memproses ID: 700 | Grup: 120363411064755393@g.us
[2026-07-15 00:20:50] Memproses ID: 701 | Grup: 120363417313292596@g.us
[2026-07-15 00:20:50] Memproses ID: 702 | Grup: 120363401939395995@g.us
[2026-07-15 00:20:50] === CRON SELESAI - Total diproses: 0 ===
[2026-07-15 00:35:04] === CRON DIMULAI ===
[2026-07-15 00:35:04] Token valid - melanjutkan proses
[2026-07-15 00:35:04] Mengecek jadwal_pesan_grup dengan status pending
[2026-07-15 00:35:04] Ditemukan 39 jadwal pending
[2026-07-15 00:35:04] Waktu eksekusi: Hari=3, Jam=00:35, Tanggal=2026-07-15
[2026-07-15 00:35:04] Memproses ID: 664 | Grup: 6288223053149-1625812872@g.us
[2026-07-15 00:35:04] Memproses ID: 665 | Grup: 120363027086389205@g.us
[2026-07-15 00:35:04] Memproses ID: 666 | Grup: 120363026286576758@g.us
[2026-07-15 00:35:04] Memproses ID: 667 | Grup: 120363401476398760@g.us
[2026-07-15 00:35:04] Memproses ID: 668 | Grup: 120363029518433218@g.us
[2026-07-15 00:35:04] Memproses ID: 669 | Grup: 120363045388200123@g.us
[2026-07-15 00:35:04] Memproses ID: 670 | Grup: 120363144011863882@g.us
[2026-07-15 00:35:04] Memproses ID: 671 | Grup: 120363142682976996@g.us
[2026-07-15 00:35:04] Memproses ID: 672 | Grup: 120363165381104636@g.us
[2026-07-15 00:35:04] Memproses ID: 673 | Grup: 120363177621854990@g.us
[2026-07-15 00:35:04] Memproses ID: 674 | Grup: 120363166772548040@g.us
[2026-07-15 00:35:04] Memproses ID: 675 | Grup: 6288223053149-1628933654@g.us
[2026-07-15 00:35:04] Memproses ID: 676 | Grup: 120363307103423619@g.us
[2026-07-15 00:35:04] Memproses ID: 677 | Grup: 120363048096640049@g.us
[2026-07-15 00:35:04] Memproses ID: 678 | Grup: 120363420332987254@g.us
[2026-07-15 00:35:04] Memproses ID: 679 | Grup: 120363427600194189@g.us
[2026-07-15 00:35:04] Memproses ID: 680 | Grup: 120363424981128061@g.us
[2026-07-15 00:35:04] Memproses ID: 681 | Grup: 120363423682419095@g.us
[2026-07-15 00:35:04] Memproses ID: 682 | Grup: 120363407529692762@g.us
[2026-07-15 00:35:04] Memproses ID: 683 | Grup: 120363424404884002@g.us
[2026-07-15 00:35:04] Memproses ID: 684 | Grup: 120363039363103038@g.us
[2026-07-15 00:35:04] Memproses ID: 685 | Grup: 120363038976138602@g.us
[2026-07-15 00:35:04] Memproses ID: 686 | Grup: 120363021460733716@g.us
[2026-07-15 00:35:04] Memproses ID: 687 | Grup: 120363040515520871@g.us
[2026-07-15 00:35:04] Memproses ID: 688 | Grup: 120363043172695401@g.us
[2026-07-15 00:35:04] Memproses ID: 689 | Grup: 120363050265854008@g.us
[2026-07-15 00:35:04] Memproses ID: 690 | Grup: 120363044190434149@g.us
[2026-07-15 00:35:04] Memproses ID: 691 | Grup: 6288223053149-1628990310@g.us
[2026-07-15 00:35:04] Memproses ID: 692 | Grup: 120363423439597045@g.us
[2026-07-15 00:35:04] Memproses ID: 693 | Grup: 120363423928156450@g.us
[2026-07-15 00:35:04] Memproses ID: 694 | Grup: 120363408071243350@g.us
[2026-07-15 00:35:04] Memproses ID: 695 | Grup: 120363039389503844@g.us
[2026-07-15 00:35:04] Memproses ID: 696 | Grup: 120363044444176204@g.us
[2026-07-15 00:35:04] Memproses ID: 697 | Grup: 120363141667377593@g.us
[2026-07-15 00:35:04] Memproses ID: 698 | Grup: 120363162998144080@g.us
[2026-07-15 00:35:04] Memproses ID: 699 | Grup: 120363385903573100@g.us
[2026-07-15 00:35:04] Memproses ID: 700 | Grup: 120363411064755393@g.us
[2026-07-15 00:35:04] Memproses ID: 701 | Grup: 120363417313292596@g.us
[2026-07-15 00:35:04] Memproses ID: 702 | Grup: 120363401939395995@g.us
[2026-07-15 00:35:04] === CRON SELESAI - Total diproses: 0 ===
[2026-07-15 00:41:05] === CRON DIMULAI ===
[2026-07-15 00:41:05] Token valid - melanjutkan proses
[2026-07-15 00:41:05] Mengecek jadwal_pesan_grup dengan status pending
[2026-07-15 00:41:05] Ditemukan 39 jadwal pending
[2026-07-15 00:41:05] Waktu eksekusi: Hari=3, Jam=00:41, Tanggal=2026-07-15
[2026-07-15 00:41:05] Memproses ID: 664 | Grup: 6288223053149-1625812872@g.us
[2026-07-15 00:41:05] Memproses ID: 665 | Grup: 120363027086389205@g.us
[2026-07-15 00:41:05] Memproses ID: 666 | Grup: 120363026286576758@g.us
[2026-07-15 00:41:05] Memproses ID: 667 | Grup: 120363401476398760@g.us
[2026-07-15 00:41:05] Memproses ID: 668 | Grup: 120363029518433218@g.us
[2026-07-15 00:41:05] Memproses ID: 669 | Grup: 120363045388200123@g.us
[2026-07-15 00:41:05] Memproses ID: 670 | Grup: 120363144011863882@g.us
[2026-07-15 00:41:05] Memproses ID: 671 | Grup: 120363142682976996@g.us
[2026-07-15 00:41:05] Memproses ID: 672 | Grup: 120363165381104636@g.us
[2026-07-15 00:41:05] Memproses ID: 673 | Grup: 120363177621854990@g.us
[2026-07-15 00:41:05] Memproses ID: 674 | Grup: 120363166772548040@g.us
[2026-07-15 00:41:05] Memproses ID: 675 | Grup: 6288223053149-1628933654@g.us
[2026-07-15 00:41:05] Memproses ID: 676 | Grup: 120363307103423619@g.us
[2026-07-15 00:41:05] Memproses ID: 677 | Grup: 120363048096640049@g.us
[2026-07-15 00:41:05] Memproses ID: 678 | Grup: 120363420332987254@g.us
[2026-07-15 00:41:05] Memproses ID: 679 | Grup: 120363427600194189@g.us
[2026-07-15 00:41:05] Memproses ID: 680 | Grup: 120363424981128061@g.us
[2026-07-15 00:41:05] Memproses ID: 681 | Grup: 120363423682419095@g.us
[2026-07-15 00:41:05] Memproses ID: 682 | Grup: 120363407529692762@g.us
[2026-07-15 00:41:05] Memproses ID: 683 | Grup: 120363424404884002@g.us
[2026-07-15 00:41:05] Memproses ID: 684 | Grup: 120363039363103038@g.us
[2026-07-15 00:41:05] Memproses ID: 685 | Grup: 120363038976138602@g.us
[2026-07-15 00:41:05] Memproses ID: 686 | Grup: 120363021460733716@g.us
[2026-07-15 00:41:05] Memproses ID: 687 | Grup: 120363040515520871@g.us
[2026-07-15 00:41:05] Memproses ID: 688 | Grup: 120363043172695401@g.us
[2026-07-15 00:41:05] Memproses ID: 689 | Grup: 120363050265854008@g.us
[2026-07-15 00:41:05] Memproses ID: 690 | Grup: 120363044190434149@g.us
[2026-07-15 00:41:05] Memproses ID: 691 | Grup: 6288223053149-1628990310@g.us
[2026-07-15 00:41:05] Memproses ID: 692 | Grup: 120363423439597045@g.us
[2026-07-15 00:41:05] Memproses ID: 693 | Grup: 120363423928156450@g.us
[2026-07-15 00:41:05] Memproses ID: 694 | Grup: 120363408071243350@g.us
[2026-07-15 00:41:05] Memproses ID: 695 | Grup: 120363039389503844@g.us
[2026-07-15 00:41:05] Memproses ID: 696 | Grup: 120363044444176204@g.us
[2026-07-15 00:41:05] Memproses ID: 697 | Grup: 120363141667377593@g.us
[2026-07-15 00:41:05] Memproses ID: 698 | Grup: 120363162998144080@g.us
[2026-07-15 00:41:05] Memproses ID: 699 | Grup: 120363385903573100@g.us
[2026-07-15 00:41:05] Memproses ID: 700 | Grup: 120363411064755393@g.us
[2026-07-15 00:41:05] Memproses ID: 701 | Grup: 120363417313292596@g.us
[2026-07-15 00:41:05] Memproses ID: 702 | Grup: 120363401939395995@g.us
[2026-07-15 00:41:05] === CRON SELESAI - Total diproses: 0 ===
[2026-07-15 00:45:11] === CRON DIMULAI ===
[2026-07-15 00:45:11] Token valid - melanjutkan proses
[2026-07-15 00:45:11] Mengecek jadwal_pesan_grup dengan status pending
[2026-07-15 00:45:11] Ditemukan 39 jadwal pending
[2026-07-15 00:45:11] Waktu eksekusi: Hari=3, Jam=00:45, Tanggal=2026-07-15
[2026-07-15 00:45:11] Memproses ID: 664 | Grup: 6288223053149-1625812872@g.us
[2026-07-15 00:45:11] Memproses ID: 665 | Grup: 120363027086389205@g.us
[2026-07-15 00:45:11] Memproses ID: 666 | Grup: 120363026286576758@g.us
[2026-07-15 00:45:11] Memproses ID: 667 | Grup: 120363401476398760@g.us
[2026-07-15 00:45:11] Memproses ID: 668 | Grup: 120363029518433218@g.us
[2026-07-15 00:45:11] Memproses ID: 669 | Grup: 120363045388200123@g.us
[2026-07-15 00:45:11] Memproses ID: 670 | Grup: 120363144011863882@g.us
[2026-07-15 00:45:11] Memproses ID: 671 | Grup: 120363142682976996@g.us
[2026-07-15 00:45:11] Memproses ID: 672 | Grup: 120363165381104636@g.us
[2026-07-15 00:45:11] Memproses ID: 673 | Grup: 120363177621854990@g.us
[2026-07-15 00:45:11] Memproses ID: 674 | Grup: 120363166772548040@g.us
[2026-07-15 00:45:11] Memproses ID: 675 | Grup: 6288223053149-1628933654@g.us
[2026-07-15 00:45:11] Memproses ID: 676 | Grup: 120363307103423619@g.us
[2026-07-15 00:45:11] Memproses ID: 677 | Grup: 120363048096640049@g.us
[2026-07-15 00:45:11] Memproses ID: 678 | Grup: 120363420332987254@g.us
[2026-07-15 00:45:11] Memproses ID: 679 | Grup: 120363427600194189@g.us
[2026-07-15 00:45:11] Memproses ID: 680 | Grup: 120363424981128061@g.us
[2026-07-15 00:45:11] Memproses ID: 681 | Grup: 120363423682419095@g.us
[2026-07-15 00:45:11] Memproses ID: 682 | Grup: 120363407529692762@g.us
[2026-07-15 00:45:11] Memproses ID: 683 | Grup: 120363424404884002@g.us
[2026-07-15 00:45:11] Memproses ID: 684 | Grup: 120363039363103038@g.us
[2026-07-15 00:45:11] Memproses ID: 685 | Grup: 120363038976138602@g.us
[2026-07-15 00:45:11] Memproses ID: 686 | Grup: 120363021460733716@g.us
[2026-07-15 00:45:11] Memproses ID: 687 | Grup: 120363040515520871@g.us
[2026-07-15 00:45:11] Memproses ID: 688 | Grup: 120363043172695401@g.us
[2026-07-15 00:45:11] Memproses ID: 689 | Grup: 120363050265854008@g.us
[2026-07-15 00:45:11] Memproses ID: 690 | Grup: 120363044190434149@g.us
[2026-07-15 00:45:11] Memproses ID: 691 | Grup: 6288223053149-1628990310@g.us
[2026-07-15 00:45:11] Memproses ID: 692 | Grup: 120363423439597045@g.us
[2026-07-15 00:45:11] Memproses ID: 693 | Grup: 120363423928156450@g.us
[2026-07-15 00:45:11] Memproses ID: 694 | Grup: 120363408071243350@g.us
[2026-07-15 00:45:11] Memproses ID: 695 | Grup: 120363039389503844@g.us
[2026-07-15 00:45:11] Memproses ID: 696 | Grup: 120363044444176204@g.us
[2026-07-15 00:45:11] Memproses ID: 697 | Grup: 120363141667377593@g.us
[2026-07-15 00:45:11] Memproses ID: 698 | Grup: 120363162998144080@g.us
[2026-07-15 00:45:11] Memproses ID: 699 | Grup: 120363385903573100@g.us
[2026-07-15 00:45:11] Memproses ID: 700 | Grup: 120363411064755393@g.us
[2026-07-15 00:45:11] Memproses ID: 701 | Grup: 120363417313292596@g.us
[2026-07-15 00:45:11] Memproses ID: 702 | Grup: 120363401939395995@g.us
[2026-07-15 00:45:11] === CRON SELESAI - Total diproses: 0 ===
[2026-07-15 00:50:56] === CRON DIMULAI ===
[2026-07-15 00:50:56] Token valid - melanjutkan proses
[2026-07-15 00:50:56] Mengecek jadwal_pesan_grup dengan status pending
[2026-07-15 00:50:56] Ditemukan 39 jadwal pending
[2026-07-15 00:50:56] Waktu eksekusi: Hari=3, Jam=00:50, Tanggal=2026-07-15
[2026-07-15 00:50:56] Memproses ID: 664 | Grup: 6288223053149-1625812872@g.us
[2026-07-15 00:50:56] Memproses ID: 665 | Grup: 120363027086389205@g.us
[2026-07-15 00:50:56] Memproses ID: 666 | Grup: 120363026286576758@g.us
[2026-07-15 00:50:56] Memproses ID: 667 | Grup: 120363401476398760@g.us
[2026-07-15 00:50:56] Memproses ID: 668 | Grup: 120363029518433218@g.us
[2026-07-15 00:50:56] Memproses ID: 669 | Grup: 120363045388200123@g.us
[2026-07-15 00:50:56] Memproses ID: 670 | Grup: 120363144011863882@g.us
[2026-07-15 00:50:56] Memproses ID: 671 | Grup: 120363142682976996@g.us
[2026-07-15 00:50:56] Memproses ID: 672 | Grup: 120363165381104636@g.us
[2026-07-15 00:50:56] Memproses ID: 673 | Grup: 120363177621854990@g.us
[2026-07-15 00:50:56] Memproses ID: 674 | Grup: 120363166772548040@g.us
[2026-07-15 00:50:56] Memproses ID: 675 | Grup: 6288223053149-1628933654@g.us
[2026-07-15 00:50:56] Memproses ID: 676 | Grup: 120363307103423619@g.us
[2026-07-15 00:50:56] Memproses ID: 677 | Grup: 120363048096640049@g.us
[2026-07-15 00:50:56] Memproses ID: 678 | Grup: 120363420332987254@g.us
[2026-07-15 00:50:56] Memproses ID: 679 | Grup: 120363427600194189@g.us
[2026-07-15 00:50:56] Memproses ID: 680 | Grup: 120363424981128061@g.us
[2026-07-15 00:50:56] Memproses ID: 681 | Grup: 120363423682419095@g.us
[2026-07-15 00:50:56] Memproses ID: 682 | Grup: 120363407529692762@g.us
[2026-07-15 00:50:56] Memproses ID: 683 | Grup: 120363424404884002@g.us
[2026-07-15 00:50:56] Memproses ID: 684 | Grup: 120363039363103038@g.us
[2026-07-15 00:50:56] Memproses ID: 685 | Grup: 120363038976138602@g.us
[2026-07-15 00:50:56] Memproses ID: 686 | Grup: 120363021460733716@g.us
[2026-07-15 00:50:56] Memproses ID: 687 | Grup: 120363040515520871@g.us
[2026-07-15 00:50:56] Memproses ID: 688 | Grup: 120363043172695401@g.us
[2026-07-15 00:50:56] Memproses ID: 689 | Grup: 120363050265854008@g.us
[2026-07-15 00:50:56] Memproses ID: 690 | Grup: 120363044190434149@g.us
[2026-07-15 00:50:56] Memproses ID: 691 | Grup: 6288223053149-1628990310@g.us
[2026-07-15 00:50:56] Memproses ID: 692 | Grup: 120363423439597045@g.us
[2026-07-15 00:50:56] Memproses ID: 693 | Grup: 120363423928156450@g.us
[2026-07-15 00:50:56] Memproses ID: 694 | Grup: 120363408071243350@g.us
[2026-07-15 00:50:56] Memproses ID: 695 | Grup: 120363039389503844@g.us
[2026-07-15 00:50:56] Memproses ID: 696 | Grup: 120363044444176204@g.us
[2026-07-15 00:50:56] Memproses ID: 697 | Grup: 120363141667377593@g.us
[2026-07-15 00:50:56] Memproses ID: 698 | Grup: 120363162998144080@g.us
[2026-07-15 00:50:56] Memproses ID: 699 | Grup: 120363385903573100@g.us
[2026-07-15 00:50:56] Memproses ID: 700 | Grup: 120363411064755393@g.us
[2026-07-15 00:50:56] Memproses ID: 701 | Grup: 120363417313292596@g.us
[2026-07-15 00:50:56] Memproses ID: 702 | Grup: 120363401939395995@g.us
[2026-07-15 00:50:56] === CRON SELESAI - Total diproses: 0 ===
[2026-07-15 00:56:01] === CRON DIMULAI ===
[2026-07-15 00:56:01] Token valid - melanjutkan proses
[2026-07-15 00:56:01] Mengecek jadwal_pesan_grup dengan status pending
[2026-07-15 00:56:01] Ditemukan 39 jadwal pending
[2026-07-15 00:56:01] Waktu eksekusi: Hari=3, Jam=00:56, Tanggal=2026-07-15
[2026-07-15 00:56:01] Memproses ID: 664 | Grup: 6288223053149-1625812872@g.us
[2026-07-15 00:56:01] Memproses ID: 665 | Grup: 120363027086389205@g.us
[2026-07-15 00:56:01] Memproses ID: 666 | Grup: 120363026286576758@g.us
[2026-07-15 00:56:01] Memproses ID: 667 | Grup: 120363401476398760@g.us
[2026-07-15 00:56:01] Memproses ID: 668 | Grup: 120363029518433218@g.us
[2026-07-15 00:56:01] Memproses ID: 669 | Grup: 120363045388200123@g.us
[2026-07-15 00:56:01] Memproses ID: 670 | Grup: 120363144011863882@g.us
[2026-07-15 00:56:01] Memproses ID: 671 | Grup: 120363142682976996@g.us
[2026-07-15 00:56:01] Memproses ID: 672 | Grup: 120363165381104636@g.us
[2026-07-15 00:56:01] Memproses ID: 673 | Grup: 120363177621854990@g.us
[2026-07-15 00:56:01] Memproses ID: 674 | Grup: 120363166772548040@g.us
[2026-07-15 00:56:01] Memproses ID: 675 | Grup: 6288223053149-1628933654@g.us
[2026-07-15 00:56:01] Memproses ID: 676 | Grup: 120363307103423619@g.us
[2026-07-15 00:56:01] Memproses ID: 677 | Grup: 120363048096640049@g.us
[2026-07-15 00:56:01] Memproses ID: 678 | Grup: 120363420332987254@g.us
[2026-07-15 00:56:01] Memproses ID: 679 | Grup: 120363427600194189@g.us
[2026-07-15 00:56:01] Memproses ID: 680 | Grup: 120363424981128061@g.us
[2026-07-15 00:56:01] Memproses ID: 681 | Grup: 120363423682419095@g.us
[2026-07-15 00:56:01] Memproses ID: 682 | Grup: 120363407529692762@g.us
[2026-07-15 00:56:01] Memproses ID: 683 | Grup: 120363424404884002@g.us
[2026-07-15 00:56:01] Memproses ID: 684 | Grup: 120363039363103038@g.us
[2026-07-15 00:56:01] Memproses ID: 685 | Grup: 120363038976138602@g.us
[2026-07-15 00:56:01] Memproses ID: 686 | Grup: 120363021460733716@g.us
[2026-07-15 00:56:01] Memproses ID: 687 | Grup: 120363040515520871@g.us
[2026-07-15 00:56:01] Memproses ID: 688 | Grup: 120363043172695401@g.us
[2026-07-15 00:56:01] Memproses ID: 689 | Grup: 120363050265854008@g.us
[2026-07-15 00:56:01] Memproses ID: 690 | Grup: 120363044190434149@g.us
[2026-07-15 00:56:01] Memproses ID: 691 | Grup: 6288223053149-1628990310@g.us
[2026-07-15 00:56:01] Memproses ID: 692 | Grup: 120363423439597045@g.us
[2026-07-15 00:56:01] Memproses ID: 693 | Grup: 120363423928156450@g.us
[2026-07-15 00:56:01] Memproses ID: 694 | Grup: 120363408071243350@g.us
[2026-07-15 00:56:01] Memproses ID: 695 | Grup: 120363039389503844@g.us
[2026-07-15 00:56:01] Memproses ID: 696 | Grup: 120363044444176204@g.us
[2026-07-15 00:56:01] Memproses ID: 697 | Grup: 120363141667377593@g.us
[2026-07-15 00:56:01] Memproses ID: 698 | Grup: 120363162998144080@g.us
[2026-07-15 00:56:01] Memproses ID: 699 | Grup: 120363385903573100@g.us
[2026-07-15 00:56:01] Memproses ID: 700 | Grup: 120363411064755393@g.us
[2026-07-15 00:56:01] Memproses ID: 701 | Grup: 120363417313292596@g.us
[2026-07-15 00:56:01] Memproses ID: 702 | Grup: 120363401939395995@g.us
[2026-07-15 00:56:01] === CRON SELESAI - Total diproses: 0 ===
[2026-07-15 08:20:32] === CRON DIMULAI ===
[2026-07-15 08:20:32] Token valid - melanjutkan proses
[2026-07-15 08:20:32] Mengecek jadwal_pesan_grup dengan status pending
[2026-07-15 08:20:32] Ditemukan 39 jadwal pending
[2026-07-15 08:20:32] Waktu eksekusi: Hari=3, Jam=08:20, Tanggal=2026-07-15
[2026-07-15 08:20:32] Memproses ID: 664 | Grup: 6288223053149-1625812872@g.us
[2026-07-15 08:20:32] Memproses ID: 665 | Grup: 120363027086389205@g.us
[2026-07-15 08:20:33] Memproses ID: 666 | Grup: 120363026286576758@g.us
[2026-07-15 08:20:33] Memproses ID: 667 | Grup: 120363401476398760@g.us
[2026-07-15 08:20:33] Memproses ID: 668 | Grup: 120363029518433218@g.us
[2026-07-15 08:20:33] === CRON SELESAI - Total diproses: 5 ===
[2026-07-15 08:20:38] === CRON DIMULAI ===
[2026-07-15 08:20:38] Token valid - melanjutkan proses
[2026-07-15 08:20:38] Mengecek jadwal_pesan_grup dengan status pending
[2026-07-15 08:20:38] Ditemukan 39 jadwal pending
[2026-07-15 08:20:38] Waktu eksekusi: Hari=3, Jam=08:20, Tanggal=2026-07-15
[2026-07-15 08:20:38] Memproses ID: 664 | Grup: 6288223053149-1625812872@g.us
[2026-07-15 08:20:38] Memproses ID: 665 | Grup: 120363027086389205@g.us
[2026-07-15 08:20:38] Memproses ID: 666 | Grup: 120363026286576758@g.us
[2026-07-15 08:20:38] Memproses ID: 667 | Grup: 120363401476398760@g.us
[2026-07-15 08:20:38] Memproses ID: 668 | Grup: 120363029518433218@g.us
[2026-07-15 08:20:38] Memproses ID: 669 | Grup: 120363045388200123@g.us
[2026-07-15 08:20:38] Memproses ID: 670 | Grup: 120363144011863882@g.us
[2026-07-15 08:20:38] Memproses ID: 671 | Grup: 120363142682976996@g.us
[2026-07-15 08:20:38] Memproses ID: 672 | Grup: 120363165381104636@g.us
[2026-07-15 08:20:38] Memproses ID: 673 | Grup: 120363177621854990@g.us
[2026-07-15 08:20:38] === CRON SELESAI - Total diproses: 5 ===
[2026-07-15 09:04:05] === CRON DIMULAI ===
[2026-07-15 09:04:05] Token valid - melanjutkan proses
[2026-07-15 09:04:05] Mengecek jadwal_pesan_grup dengan status pending
[2026-07-15 09:04:05] Ditemukan 39 jadwal pending
[2026-07-15 09:04:05] Waktu eksekusi: Hari=3, Jam=09:04, Tanggal=2026-07-15
[2026-07-15 09:04:05] Memproses ID: 664 | Grup: 6288223053149-1625812872@g.us
[2026-07-15 09:04:05] Memproses ID: 665 | Grup: 120363027086389205@g.us
[2026-07-15 09:04:05] Memproses ID: 666 | Grup: 120363026286576758@g.us
[2026-07-15 09:04:05] Memproses ID: 667 | Grup: 120363401476398760@g.us
[2026-07-15 09:04:05] Memproses ID: 668 | Grup: 120363029518433218@g.us
[2026-07-15 09:04:05] Memproses ID: 669 | Grup: 120363045388200123@g.us
[2026-07-15 09:04:05] Memproses ID: 670 | Grup: 120363144011863882@g.us
[2026-07-15 09:04:05] Memproses ID: 671 | Grup: 120363142682976996@g.us
[2026-07-15 09:04:05] Memproses ID: 672 | Grup: 120363165381104636@g.us
[2026-07-15 09:04:05] Memproses ID: 673 | Grup: 120363177621854990@g.us
[2026-07-15 09:04:05] Memproses ID: 674 | Grup: 120363166772548040@g.us
[2026-07-15 09:04:05] Memproses ID: 675 | Grup: 6288223053149-1628933654@g.us
[2026-07-15 09:04:05] Memproses ID: 676 | Grup: 120363307103423619@g.us
[2026-07-15 09:04:05] Memproses ID: 677 | Grup: 120363048096640049@g.us
[2026-07-15 09:04:05] Memproses ID: 678 | Grup: 120363420332987254@g.us
[2026-07-15 09:04:05] === CRON SELESAI - Total diproses: 5 ===
[2026-07-15 10:09:35] === CRON DIMULAI ===
[2026-07-15 10:09:35] Token valid - melanjutkan proses
[2026-07-15 10:09:35] Mengecek jadwal_pesan_grup dengan status pending
[2026-07-15 10:09:35] Ditemukan 39 jadwal pending
[2026-07-15 10:09:35] Waktu eksekusi: Hari=3, Jam=10:09, Tanggal=2026-07-15
[2026-07-15 10:09:35] Memproses ID: 664 | Grup: 6288223053149-1625812872@g.us
[2026-07-15 10:09:35] Memproses ID: 665 | Grup: 120363027086389205@g.us
[2026-07-15 10:09:35] Memproses ID: 666 | Grup: 120363026286576758@g.us
[2026-07-15 10:09:35] Memproses ID: 667 | Grup: 120363401476398760@g.us
[2026-07-15 10:09:35] Memproses ID: 668 | Grup: 120363029518433218@g.us
[2026-07-15 10:09:35] Memproses ID: 669 | Grup: 120363045388200123@g.us
[2026-07-15 10:09:35] Memproses ID: 670 | Grup: 120363144011863882@g.us
[2026-07-15 10:09:35] Memproses ID: 671 | Grup: 120363142682976996@g.us
[2026-07-15 10:09:35] Memproses ID: 672 | Grup: 120363165381104636@g.us
[2026-07-15 10:09:35] Memproses ID: 673 | Grup: 120363177621854990@g.us
[2026-07-15 10:09:35] Memproses ID: 674 | Grup: 120363166772548040@g.us
[2026-07-15 10:09:35] Memproses ID: 675 | Grup: 6288223053149-1628933654@g.us
[2026-07-15 10:09:35] Memproses ID: 676 | Grup: 120363307103423619@g.us
[2026-07-15 10:09:35] Memproses ID: 677 | Grup: 120363048096640049@g.us
[2026-07-15 10:09:35] Memproses ID: 678 | Grup: 120363420332987254@g.us
[2026-07-15 10:09:35] Memproses ID: 679 | Grup: 120363427600194189@g.us
[2026-07-15 10:09:35] Memproses ID: 680 | Grup: 120363424981128061@g.us
[2026-07-15 10:09:35] === CRON DIMULAI ===
[2026-07-15 10:09:35] Token valid - melanjutkan proses
[2026-07-15 10:09:35] Mengecek jadwal_pesan_grup dengan status pending
[2026-07-15 10:09:35] Ditemukan 39 jadwal pending
[2026-07-15 10:09:35] Waktu eksekusi: Hari=3, Jam=10:09, Tanggal=2026-07-15
[2026-07-15 10:09:35] Memproses ID: 664 | Grup: 6288223053149-1625812872@g.us
[2026-07-15 10:09:35] Memproses ID: 665 | Grup: 120363027086389205@g.us
[2026-07-15 10:09:35] Memproses ID: 666 | Grup: 120363026286576758@g.us
[2026-07-15 10:09:35] Memproses ID: 667 | Grup: 120363401476398760@g.us
[2026-07-15 10:09:35] Memproses ID: 668 | Grup: 120363029518433218@g.us
[2026-07-15 10:09:35] Memproses ID: 669 | Grup: 120363045388200123@g.us
[2026-07-15 10:09:35] Memproses ID: 670 | Grup: 120363144011863882@g.us
[2026-07-15 10:09:35] Memproses ID: 671 | Grup: 120363142682976996@g.us
[2026-07-15 10:09:35] Memproses ID: 672 | Grup: 120363165381104636@g.us
[2026-07-15 10:09:35] Memproses ID: 673 | Grup: 120363177621854990@g.us
[2026-07-15 10:09:35] Memproses ID: 674 | Grup: 120363166772548040@g.us
[2026-07-15 10:09:35] Memproses ID: 675 | Grup: 6288223053149-1628933654@g.us
[2026-07-15 10:09:35] Memproses ID: 676 | Grup: 120363307103423619@g.us
[2026-07-15 10:09:35] Memproses ID: 677 | Grup: 120363048096640049@g.us
[2026-07-15 10:09:35] Memproses ID: 678 | Grup: 120363420332987254@g.us
[2026-07-15 10:09:35] Memproses ID: 679 | Grup: 120363427600194189@g.us
[2026-07-15 10:09:35] Memproses ID: 680 | Grup: 120363424981128061@g.us
[2026-07-15 10:09:35] === CRON DIMULAI ===
[2026-07-15 10:09:35] Token valid - melanjutkan proses
[2026-07-15 10:09:35] Mengecek jadwal_pesan_grup dengan status pending
[2026-07-15 10:09:35] Ditemukan 39 jadwal pending
[2026-07-15 10:09:35] Waktu eksekusi: Hari=3, Jam=10:09, Tanggal=2026-07-15
[2026-07-15 10:09:35] Memproses ID: 664 | Grup: 6288223053149-1625812872@g.us
[2026-07-15 10:09:35] Memproses ID: 665 | Grup: 120363027086389205@g.us
[2026-07-15 10:09:35] Memproses ID: 666 | Grup: 120363026286576758@g.us
[2026-07-15 10:09:35] Memproses ID: 667 | Grup: 120363401476398760@g.us
[2026-07-15 10:09:35] Memproses ID: 668 | Grup: 120363029518433218@g.us
[2026-07-15 10:09:35] Memproses ID: 669 | Grup: 120363045388200123@g.us
[2026-07-15 10:09:35] Memproses ID: 670 | Grup: 120363144011863882@g.us
[2026-07-15 10:09:35] Memproses ID: 671 | Grup: 120363142682976996@g.us
[2026-07-15 10:09:35] Memproses ID: 672 | Grup: 120363165381104636@g.us
[2026-07-15 10:09:35] Memproses ID: 673 | Grup: 120363177621854990@g.us
[2026-07-15 10:09:35] Memproses ID: 674 | Grup: 120363166772548040@g.us
[2026-07-15 10:09:35] Memproses ID: 675 | Grup: 6288223053149-1628933654@g.us
[2026-07-15 10:09:35] Memproses ID: 676 | Grup: 120363307103423619@g.us
[2026-07-15 10:09:35] Memproses ID: 677 | Grup: 120363048096640049@g.us
[2026-07-15 10:09:35] Memproses ID: 678 | Grup: 120363420332987254@g.us
[2026-07-15 10:09:35] Memproses ID: 679 | Grup: 120363427600194189@g.us
[2026-07-15 10:09:35] Memproses ID: 680 | Grup: 120363424981128061@g.us
[2026-07-15 10:09:35] Memproses ID: 681 | Grup: 120363423682419095@g.us
[2026-07-15 10:09:35] Memproses ID: 681 | Grup: 120363423682419095@g.us
[2026-07-15 10:09:35] Memproses ID: 681 | Grup: 120363423682419095@g.us
[2026-07-15 10:09:35] Memproses ID: 682 | Grup: 120363407529692762@g.us
[2026-07-15 10:09:35] Memproses ID: 682 | Grup: 120363407529692762@g.us
[2026-07-15 10:09:35] Memproses ID: 682 | Grup: 120363407529692762@g.us
[2026-07-15 10:09:35] Memproses ID: 683 | Grup: 120363424404884002@g.us
[2026-07-15 10:09:36] Memproses ID: 683 | Grup: 120363424404884002@g.us
[2026-07-15 10:09:36] Memproses ID: 683 | Grup: 120363424404884002@g.us
[2026-07-15 10:09:36] === CRON SELESAI - Total diproses: 5 ===
[2026-07-15 10:09:36] Memproses ID: 684 | Grup: 120363039363103038@g.us
[2026-07-15 10:09:36] Memproses ID: 684 | Grup: 120363039363103038@g.us
[2026-07-15 10:09:36] === CRON SELESAI - Total diproses: 5 ===
[2026-07-15 10:09:36] === CRON SELESAI - Total diproses: 5 ===
[2026-07-15 10:33:04] === CRON DIMULAI ===
[2026-07-15 10:33:04] Token valid - melanjutkan proses
[2026-07-15 10:33:04] Mengecek jadwal_pesan_grup dengan status pending
[2026-07-15 10:33:04] Ditemukan 39 jadwal pending
[2026-07-15 10:33:04] Waktu eksekusi: Hari=3, Jam=10:33, Tanggal=2026-07-15
[2026-07-15 10:33:04] Memproses ID: 664 | Grup: 6288223053149-1625812872@g.us
[2026-07-15 10:33:04] Memproses ID: 665 | Grup: 120363027086389205@g.us
[2026-07-15 10:33:04] Memproses ID: 666 | Grup: 120363026286576758@g.us
[2026-07-15 10:33:04] Memproses ID: 667 | Grup: 120363401476398760@g.us
[2026-07-15 10:33:04] Memproses ID: 668 | Grup: 120363029518433218@g.us
[2026-07-15 10:33:04] Memproses ID: 669 | Grup: 120363045388200123@g.us
[2026-07-15 10:33:04] Memproses ID: 670 | Grup: 120363144011863882@g.us
[2026-07-15 10:33:04] Memproses ID: 671 | Grup: 120363142682976996@g.us
[2026-07-15 10:33:04] Memproses ID: 672 | Grup: 120363165381104636@g.us
[2026-07-15 10:33:04] Memproses ID: 673 | Grup: 120363177621854990@g.us
[2026-07-15 10:33:04] Memproses ID: 674 | Grup: 120363166772548040@g.us
[2026-07-15 10:33:04] Memproses ID: 675 | Grup: 6288223053149-1628933654@g.us
[2026-07-15 10:33:04] Memproses ID: 676 | Grup: 120363307103423619@g.us
[2026-07-15 10:33:04] Memproses ID: 677 | Grup: 120363048096640049@g.us
[2026-07-15 10:33:04] Memproses ID: 678 | Grup: 120363420332987254@g.us
[2026-07-15 10:33:04] Memproses ID: 679 | Grup: 120363427600194189@g.us
[2026-07-15 10:33:04] Memproses ID: 680 | Grup: 120363424981128061@g.us
[2026-07-15 10:33:04] Memproses ID: 681 | Grup: 120363423682419095@g.us
[2026-07-15 10:33:04] Memproses ID: 682 | Grup: 120363407529692762@g.us
[2026-07-15 10:33:04] Memproses ID: 683 | Grup: 120363424404884002@g.us
[2026-07-15 10:33:04] Memproses ID: 684 | Grup: 120363039363103038@g.us
[2026-07-15 10:33:04] Memproses ID: 685 | Grup: 120363038976138602@g.us
[2026-07-15 10:33:04] Memproses ID: 686 | Grup: 120363021460733716@g.us
[2026-07-15 10:33:04] Memproses ID: 687 | Grup: 120363040515520871@g.us
[2026-07-15 10:33:04] Memproses ID: 688 | Grup: 120363043172695401@g.us
[2026-07-15 10:33:04] Memproses ID: 689 | Grup: 120363050265854008@g.us
[2026-07-15 10:33:04] === CRON SELESAI - Total diproses: 5 ===
[2026-07-15 10:33:05] === CRON DIMULAI ===
[2026-07-15 10:33:05] Token valid - melanjutkan proses
[2026-07-15 10:33:05] Mengecek jadwal_pesan_grup dengan status pending
[2026-07-15 10:33:05] Ditemukan 39 jadwal pending
[2026-07-15 10:33:05] Waktu eksekusi: Hari=3, Jam=10:33, Tanggal=2026-07-15
[2026-07-15 10:33:05] Memproses ID: 664 | Grup: 6288223053149-1625812872@g.us
[2026-07-15 10:33:05] Memproses ID: 665 | Grup: 120363027086389205@g.us
[2026-07-15 10:33:05] Memproses ID: 666 | Grup: 120363026286576758@g.us
[2026-07-15 10:33:05] Memproses ID: 667 | Grup: 120363401476398760@g.us
[2026-07-15 10:33:05] Memproses ID: 668 | Grup: 120363029518433218@g.us
[2026-07-15 10:33:05] Memproses ID: 669 | Grup: 120363045388200123@g.us
[2026-07-15 10:33:05] Memproses ID: 670 | Grup: 120363144011863882@g.us
[2026-07-15 10:33:05] Memproses ID: 671 | Grup: 120363142682976996@g.us
[2026-07-15 10:33:05] Memproses ID: 672 | Grup: 120363165381104636@g.us
[2026-07-15 10:33:05] Memproses ID: 673 | Grup: 120363177621854990@g.us
[2026-07-15 10:33:05] Memproses ID: 674 | Grup: 120363166772548040@g.us
[2026-07-15 10:33:05] Memproses ID: 675 | Grup: 6288223053149-1628933654@g.us
[2026-07-15 10:33:05] Memproses ID: 676 | Grup: 120363307103423619@g.us
[2026-07-15 10:33:05] Memproses ID: 677 | Grup: 120363048096640049@g.us
[2026-07-15 10:33:05] Memproses ID: 678 | Grup: 120363420332987254@g.us
[2026-07-15 10:33:05] Memproses ID: 679 | Grup: 120363427600194189@g.us
[2026-07-15 10:33:05] Memproses ID: 680 | Grup: 120363424981128061@g.us
[2026-07-15 10:33:05] Memproses ID: 681 | Grup: 120363423682419095@g.us
[2026-07-15 10:33:05] Memproses ID: 682 | Grup: 120363407529692762@g.us
[2026-07-15 10:33:05] Memproses ID: 683 | Grup: 120363424404884002@g.us
[2026-07-15 10:33:05] Memproses ID: 684 | Grup: 120363039363103038@g.us
[2026-07-15 10:33:05] Memproses ID: 685 | Grup: 120363038976138602@g.us
[2026-07-15 10:33:05] Memproses ID: 686 | Grup: 120363021460733716@g.us
[2026-07-15 10:33:05] Memproses ID: 687 | Grup: 120363040515520871@g.us
[2026-07-15 10:33:05] Memproses ID: 688 | Grup: 120363043172695401@g.us
[2026-07-15 10:33:05] Memproses ID: 689 | Grup: 120363050265854008@g.us
[2026-07-15 10:33:05] Memproses ID: 690 | Grup: 120363044190434149@g.us
[2026-07-15 10:33:05] Memproses ID: 691 | Grup: 6288223053149-1628990310@g.us
[2026-07-15 10:33:05] Memproses ID: 692 | Grup: 120363423439597045@g.us
[2026-07-15 10:33:05] Memproses ID: 693 | Grup: 120363423928156450@g.us
[2026-07-15 10:33:05] Memproses ID: 694 | Grup: 120363408071243350@g.us
[2026-07-15 10:33:05] === CRON SELESAI - Total diproses: 5 ===
[2026-07-15 10:33:08] === CRON DIMULAI ===
[2026-07-15 10:33:08] Token valid - melanjutkan proses
[2026-07-15 10:33:08] Mengecek jadwal_pesan_grup dengan status pending
[2026-07-15 10:33:08] Ditemukan 39 jadwal pending
[2026-07-15 10:33:08] Waktu eksekusi: Hari=3, Jam=10:33, Tanggal=2026-07-15
[2026-07-15 10:33:08] Memproses ID: 664 | Grup: 6288223053149-1625812872@g.us
[2026-07-15 10:33:08] Memproses ID: 665 | Grup: 120363027086389205@g.us
[2026-07-15 10:33:08] Memproses ID: 666 | Grup: 120363026286576758@g.us
[2026-07-15 10:33:08] Memproses ID: 667 | Grup: 120363401476398760@g.us
[2026-07-15 10:33:08] Memproses ID: 668 | Grup: 120363029518433218@g.us
[2026-07-15 10:33:08] Memproses ID: 669 | Grup: 120363045388200123@g.us
[2026-07-15 10:33:08] Memproses ID: 670 | Grup: 120363144011863882@g.us
[2026-07-15 10:33:08] Memproses ID: 671 | Grup: 120363142682976996@g.us
[2026-07-15 10:33:08] Memproses ID: 672 | Grup: 120363165381104636@g.us
[2026-07-15 10:33:08] Memproses ID: 673 | Grup: 120363177621854990@g.us
[2026-07-15 10:33:08] Memproses ID: 674 | Grup: 120363166772548040@g.us
[2026-07-15 10:33:08] Memproses ID: 675 | Grup: 6288223053149-1628933654@g.us
[2026-07-15 10:33:08] Memproses ID: 676 | Grup: 120363307103423619@g.us
[2026-07-15 10:33:08] Memproses ID: 677 | Grup: 120363048096640049@g.us
[2026-07-15 10:33:08] Memproses ID: 678 | Grup: 120363420332987254@g.us
[2026-07-15 10:33:08] Memproses ID: 679 | Grup: 120363427600194189@g.us
[2026-07-15 10:33:08] Memproses ID: 680 | Grup: 120363424981128061@g.us
[2026-07-15 10:33:08] Memproses ID: 681 | Grup: 120363423682419095@g.us
[2026-07-15 10:33:08] Memproses ID: 682 | Grup: 120363407529692762@g.us
[2026-07-15 10:33:08] Memproses ID: 683 | Grup: 120363424404884002@g.us
[2026-07-15 10:33:08] Memproses ID: 684 | Grup: 120363039363103038@g.us
[2026-07-15 10:33:08] Memproses ID: 685 | Grup: 120363038976138602@g.us
[2026-07-15 10:33:08] Memproses ID: 686 | Grup: 120363021460733716@g.us
[2026-07-15 10:33:08] Memproses ID: 687 | Grup: 120363040515520871@g.us
[2026-07-15 10:33:08] Memproses ID: 688 | Grup: 120363043172695401@g.us
[2026-07-15 10:33:08] Memproses ID: 689 | Grup: 120363050265854008@g.us
[2026-07-15 10:33:08] Memproses ID: 690 | Grup: 120363044190434149@g.us
[2026-07-15 10:33:08] Memproses ID: 691 | Grup: 6288223053149-1628990310@g.us
[2026-07-15 10:33:08] Memproses ID: 692 | Grup: 120363423439597045@g.us
[2026-07-15 10:33:08] Memproses ID: 693 | Grup: 120363423928156450@g.us
[2026-07-15 10:33:08] Memproses ID: 694 | Grup: 120363408071243350@g.us
[2026-07-15 10:33:08] Memproses ID: 695 | Grup: 120363039389503844@g.us
[2026-07-15 10:33:08] Memproses ID: 696 | Grup: 120363044444176204@g.us
[2026-07-15 10:33:09] Memproses ID: 697 | Grup: 120363141667377593@g.us
[2026-07-15 10:33:09] Memproses ID: 698 | Grup: 120363162998144080@g.us
[2026-07-15 10:33:09] Memproses ID: 699 | Grup: 120363385903573100@g.us
[2026-07-15 10:33:09] === CRON DIMULAI ===
[2026-07-15 10:33:09] Token valid - melanjutkan proses
[2026-07-15 10:33:09] Mengecek jadwal_pesan_grup dengan status pending
[2026-07-15 10:33:09] Ditemukan 39 jadwal pending
[2026-07-15 10:33:09] Waktu eksekusi: Hari=3, Jam=10:33, Tanggal=2026-07-15
[2026-07-15 10:33:09] Memproses ID: 664 | Grup: 6288223053149-1625812872@g.us
[2026-07-15 10:33:09] Memproses ID: 665 | Grup: 120363027086389205@g.us
[2026-07-15 10:33:09] Memproses ID: 666 | Grup: 120363026286576758@g.us
[2026-07-15 10:33:09] Memproses ID: 667 | Grup: 120363401476398760@g.us
[2026-07-15 10:33:09] Memproses ID: 668 | Grup: 120363029518433218@g.us
[2026-07-15 10:33:09] Memproses ID: 669 | Grup: 120363045388200123@g.us
[2026-07-15 10:33:09] Memproses ID: 670 | Grup: 120363144011863882@g.us
[2026-07-15 10:33:09] Memproses ID: 671 | Grup: 120363142682976996@g.us
[2026-07-15 10:33:09] Memproses ID: 672 | Grup: 120363165381104636@g.us
[2026-07-15 10:33:09] Memproses ID: 673 | Grup: 120363177621854990@g.us
[2026-07-15 10:33:09] Memproses ID: 674 | Grup: 120363166772548040@g.us
[2026-07-15 10:33:09] Memproses ID: 675 | Grup: 6288223053149-1628933654@g.us
[2026-07-15 10:33:09] Memproses ID: 676 | Grup: 120363307103423619@g.us
[2026-07-15 10:33:09] Memproses ID: 677 | Grup: 120363048096640049@g.us
[2026-07-15 10:33:09] Memproses ID: 678 | Grup: 120363420332987254@g.us
[2026-07-15 10:33:09] Memproses ID: 679 | Grup: 120363427600194189@g.us
[2026-07-15 10:33:09] Memproses ID: 680 | Grup: 120363424981128061@g.us
[2026-07-15 10:33:09] Memproses ID: 681 | Grup: 120363423682419095@g.us
[2026-07-15 10:33:09] Memproses ID: 682 | Grup: 120363407529692762@g.us
[2026-07-15 10:33:09] Memproses ID: 683 | Grup: 120363424404884002@g.us
[2026-07-15 10:33:09] Memproses ID: 684 | Grup: 120363039363103038@g.us
[2026-07-15 10:33:09] Memproses ID: 685 | Grup: 120363038976138602@g.us
[2026-07-15 10:33:09] Memproses ID: 686 | Grup: 120363021460733716@g.us
[2026-07-15 10:33:09] Memproses ID: 687 | Grup: 120363040515520871@g.us
[2026-07-15 10:33:09] Memproses ID: 688 | Grup: 120363043172695401@g.us
[2026-07-15 10:33:09] Memproses ID: 689 | Grup: 120363050265854008@g.us
[2026-07-15 10:33:09] Memproses ID: 690 | Grup: 120363044190434149@g.us
[2026-07-15 10:33:09] Memproses ID: 691 | Grup: 6288223053149-1628990310@g.us
[2026-07-15 10:33:09] Memproses ID: 692 | Grup: 120363423439597045@g.us
[2026-07-15 10:33:09] Memproses ID: 693 | Grup: 120363423928156450@g.us
[2026-07-15 10:33:09] Memproses ID: 694 | Grup: 120363408071243350@g.us
[2026-07-15 10:33:09] Memproses ID: 695 | Grup: 120363039389503844@g.us
[2026-07-15 10:33:09] Memproses ID: 696 | Grup: 120363044444176204@g.us
[2026-07-15 10:33:09] Memproses ID: 697 | Grup: 120363141667377593@g.us
[2026-07-15 10:33:09] Memproses ID: 698 | Grup: 120363162998144080@g.us
[2026-07-15 10:33:09] Memproses ID: 699 | Grup: 120363385903573100@g.us
[2026-07-15 10:33:09] === CRON SELESAI - Total diproses: 5 ===
[2026-07-15 10:33:09] Memproses ID: 700 | Grup: 120363411064755393@g.us
[2026-07-15 10:33:09] Memproses ID: 701 | Grup: 120363417313292596@g.us
[2026-07-15 10:33:09] Memproses ID: 702 | Grup: 120363401939395995@g.us
[2026-07-15 10:33:09] === CRON SELESAI - Total diproses: 4 ===
[2026-07-15 10:33:17] === CRON DIMULAI ===
[2026-07-15 10:33:17] Token valid - melanjutkan proses
[2026-07-15 10:33:17] Mengecek jadwal_pesan_grup dengan status pending
[2026-07-15 10:33:17] Ditemukan 39 jadwal pending
[2026-07-15 10:33:17] Waktu eksekusi: Hari=3, Jam=10:33, Tanggal=2026-07-15
[2026-07-15 10:33:17] Memproses ID: 664 | Grup: 6288223053149-1625812872@g.us
[2026-07-15 10:33:17] Memproses ID: 665 | Grup: 120363027086389205@g.us
[2026-07-15 10:33:17] Memproses ID: 666 | Grup: 120363026286576758@g.us
[2026-07-15 10:33:17] Memproses ID: 667 | Grup: 120363401476398760@g.us
[2026-07-15 10:33:17] Memproses ID: 668 | Grup: 120363029518433218@g.us
[2026-07-15 10:33:17] Memproses ID: 669 | Grup: 120363045388200123@g.us
[2026-07-15 10:33:17] Memproses ID: 670 | Grup: 120363144011863882@g.us
[2026-07-15 10:33:17] Memproses ID: 671 | Grup: 120363142682976996@g.us
[2026-07-15 10:33:17] Memproses ID: 672 | Grup: 120363165381104636@g.us
[2026-07-15 10:33:17] Memproses ID: 673 | Grup: 120363177621854990@g.us
[2026-07-15 10:33:17] Memproses ID: 674 | Grup: 120363166772548040@g.us
[2026-07-15 10:33:17] Memproses ID: 675 | Grup: 6288223053149-1628933654@g.us
[2026-07-15 10:33:17] Memproses ID: 676 | Grup: 120363307103423619@g.us
[2026-07-15 10:33:17] Memproses ID: 677 | Grup: 120363048096640049@g.us
[2026-07-15 10:33:17] Memproses ID: 678 | Grup: 120363420332987254@g.us
[2026-07-15 10:33:17] Memproses ID: 679 | Grup: 120363427600194189@g.us
[2026-07-15 10:33:17] Memproses ID: 680 | Grup: 120363424981128061@g.us
[2026-07-15 10:33:17] Memproses ID: 681 | Grup: 120363423682419095@g.us
[2026-07-15 10:33:17] Memproses ID: 682 | Grup: 120363407529692762@g.us
[2026-07-15 10:33:17] Memproses ID: 683 | Grup: 120363424404884002@g.us
[2026-07-15 10:33:17] Memproses ID: 684 | Grup: 120363039363103038@g.us
[2026-07-15 10:33:17] Memproses ID: 685 | Grup: 120363038976138602@g.us
[2026-07-15 10:33:17] Memproses ID: 686 | Grup: 120363021460733716@g.us
[2026-07-15 10:33:17] Memproses ID: 687 | Grup: 120363040515520871@g.us
[2026-07-15 10:33:17] Memproses ID: 688 | Grup: 120363043172695401@g.us
[2026-07-15 10:33:17] Memproses ID: 689 | Grup: 120363050265854008@g.us
[2026-07-15 10:33:17] Memproses ID: 690 | Grup: 120363044190434149@g.us
[2026-07-15 10:33:17] Memproses ID: 691 | Grup: 6288223053149-1628990310@g.us
[2026-07-15 10:33:17] Memproses ID: 692 | Grup: 120363423439597045@g.us
[2026-07-15 10:33:17] Memproses ID: 693 | Grup: 120363423928156450@g.us
[2026-07-15 10:33:17] Memproses ID: 694 | Grup: 120363408071243350@g.us
[2026-07-15 10:33:17] Memproses ID: 695 | Grup: 120363039389503844@g.us
[2026-07-15 10:33:17] Memproses ID: 696 | Grup: 120363044444176204@g.us
[2026-07-15 10:33:17] Memproses ID: 697 | Grup: 120363141667377593@g.us
[2026-07-15 10:33:17] Memproses ID: 698 | Grup: 120363162998144080@g.us
[2026-07-15 10:33:17] Memproses ID: 699 | Grup: 120363385903573100@g.us
[2026-07-15 10:33:17] Memproses ID: 700 | Grup: 120363411064755393@g.us
[2026-07-15 10:33:17] Memproses ID: 701 | Grup: 120363417313292596@g.us
[2026-07-15 10:33:17] Memproses ID: 702 | Grup: 120363401939395995@g.us
[2026-07-15 10:33:17] === CRON SELESAI - Total diproses: 0 ===
[2026-07-15 10:33:18] === CRON DIMULAI ===
[2026-07-15 10:33:18] Token valid - melanjutkan proses
[2026-07-15 10:33:18] Mengecek jadwal_pesan_grup dengan status pending
[2026-07-15 10:33:18] Ditemukan 39 jadwal pending
[2026-07-15 10:33:18] Waktu eksekusi: Hari=3, Jam=10:33, Tanggal=2026-07-15
[2026-07-15 10:33:18] Memproses ID: 664 | Grup: 6288223053149-1625812872@g.us
[2026-07-15 10:33:18] Memproses ID: 665 | Grup: 120363027086389205@g.us
[2026-07-15 10:33:18] Memproses ID: 666 | Grup: 120363026286576758@g.us
[2026-07-15 10:33:18] Memproses ID: 667 | Grup: 120363401476398760@g.us
[2026-07-15 10:33:18] Memproses ID: 668 | Grup: 120363029518433218@g.us
[2026-07-15 10:33:18] Memproses ID: 669 | Grup: 120363045388200123@g.us
[2026-07-15 10:33:18] Memproses ID: 670 | Grup: 120363144011863882@g.us
[2026-07-15 10:33:18] Memproses ID: 671 | Grup: 120363142682976996@g.us
[2026-07-15 10:33:18] Memproses ID: 672 | Grup: 120363165381104636@g.us
[2026-07-15 10:33:18] Memproses ID: 673 | Grup: 120363177621854990@g.us
[2026-07-15 10:33:18] Memproses ID: 674 | Grup: 120363166772548040@g.us
[2026-07-15 10:33:18] Memproses ID: 675 | Grup: 6288223053149-1628933654@g.us
[2026-07-15 10:33:18] Memproses ID: 676 | Grup: 120363307103423619@g.us
[2026-07-15 10:33:18] Memproses ID: 677 | Grup: 120363048096640049@g.us
[2026-07-15 10:33:18] Memproses ID: 678 | Grup: 120363420332987254@g.us
[2026-07-15 10:33:18] Memproses ID: 679 | Grup: 120363427600194189@g.us
[2026-07-15 10:33:18] Memproses ID: 680 | Grup: 120363424981128061@g.us
[2026-07-15 10:33:18] Memproses ID: 681 | Grup: 120363423682419095@g.us
[2026-07-15 10:33:18] Memproses ID: 682 | Grup: 120363407529692762@g.us
[2026-07-15 10:33:18] Memproses ID: 683 | Grup: 120363424404884002@g.us
[2026-07-15 10:33:18] Memproses ID: 684 | Grup: 120363039363103038@g.us
[2026-07-15 10:33:18] Memproses ID: 685 | Grup: 120363038976138602@g.us
[2026-07-15 10:33:18] Memproses ID: 686 | Grup: 120363021460733716@g.us
[2026-07-15 10:33:18] Memproses ID: 687 | Grup: 120363040515520871@g.us
[2026-07-15 10:33:18] Memproses ID: 688 | Grup: 120363043172695401@g.us
[2026-07-15 10:33:18] Memproses ID: 689 | Grup: 120363050265854008@g.us
[2026-07-15 10:33:18] Memproses ID: 690 | Grup: 120363044190434149@g.us
[2026-07-15 10:33:18] Memproses ID: 691 | Grup: 6288223053149-1628990310@g.us
[2026-07-15 10:33:18] Memproses ID: 692 | Grup: 120363423439597045@g.us
[2026-07-15 10:33:18] Memproses ID: 693 | Grup: 120363423928156450@g.us
[2026-07-15 10:33:18] Memproses ID: 694 | Grup: 120363408071243350@g.us
[2026-07-15 10:33:18] Memproses ID: 695 | Grup: 120363039389503844@g.us
[2026-07-15 10:33:18] Memproses ID: 696 | Grup: 120363044444176204@g.us
[2026-07-15 10:33:18] Memproses ID: 697 | Grup: 120363141667377593@g.us
[2026-07-15 10:33:18] Memproses ID: 698 | Grup: 120363162998144080@g.us
[2026-07-15 10:33:18] Memproses ID: 699 | Grup: 120363385903573100@g.us
[2026-07-15 10:33:18] Memproses ID: 700 | Grup: 120363411064755393@g.us
[2026-07-15 10:33:18] Memproses ID: 701 | Grup: 120363417313292596@g.us
[2026-07-15 10:33:18] Memproses ID: 702 | Grup: 120363401939395995@g.us
[2026-07-15 10:33:18] === CRON SELESAI - Total diproses: 0 ===
[2026-07-15 10:33:42] === CRON DIMULAI ===
[2026-07-15 10:33:42] Token valid - melanjutkan proses
[2026-07-15 10:33:42] Mengecek jadwal_pesan_grup dengan status pending
[2026-07-15 10:33:42] Ditemukan 39 jadwal pending
[2026-07-15 10:33:42] Waktu eksekusi: Hari=3, Jam=10:33, Tanggal=2026-07-15
[2026-07-15 10:33:42] Memproses ID: 664 | Grup: 6288223053149-1625812872@g.us
[2026-07-15 10:33:42] Memproses ID: 665 | Grup: 120363027086389205@g.us
[2026-07-15 10:33:42] Memproses ID: 666 | Grup: 120363026286576758@g.us
[2026-07-15 10:33:42] Memproses ID: 667 | Grup: 120363401476398760@g.us
[2026-07-15 10:33:42] Memproses ID: 668 | Grup: 120363029518433218@g.us
[2026-07-15 10:33:42] Memproses ID: 669 | Grup: 120363045388200123@g.us
[2026-07-15 10:33:42] Memproses ID: 670 | Grup: 120363144011863882@g.us
[2026-07-15 10:33:42] Memproses ID: 671 | Grup: 120363142682976996@g.us
[2026-07-15 10:33:42] Memproses ID: 672 | Grup: 120363165381104636@g.us
[2026-07-15 10:33:42] Memproses ID: 673 | Grup: 120363177621854990@g.us
[2026-07-15 10:33:42] Memproses ID: 674 | Grup: 120363166772548040@g.us
[2026-07-15 10:33:42] Memproses ID: 675 | Grup: 6288223053149-1628933654@g.us
[2026-07-15 10:33:42] Memproses ID: 676 | Grup: 120363307103423619@g.us
[2026-07-15 10:33:42] Memproses ID: 677 | Grup: 120363048096640049@g.us
[2026-07-15 10:33:42] Memproses ID: 678 | Grup: 120363420332987254@g.us
[2026-07-15 10:33:42] Memproses ID: 679 | Grup: 120363427600194189@g.us
[2026-07-15 10:33:42] Memproses ID: 680 | Grup: 120363424981128061@g.us
[2026-07-15 10:33:42] Memproses ID: 681 | Grup: 120363423682419095@g.us
[2026-07-15 10:33:42] Memproses ID: 682 | Grup: 120363407529692762@g.us
[2026-07-15 10:33:42] Memproses ID: 683 | Grup: 120363424404884002@g.us
[2026-07-15 10:33:42] Memproses ID: 684 | Grup: 120363039363103038@g.us
[2026-07-15 10:33:42] Memproses ID: 685 | Grup: 120363038976138602@g.us
[2026-07-15 10:33:42] Memproses ID: 686 | Grup: 120363021460733716@g.us
[2026-07-15 10:33:42] Memproses ID: 687 | Grup: 120363040515520871@g.us
[2026-07-15 10:33:42] Memproses ID: 688 | Grup: 120363043172695401@g.us
[2026-07-15 10:33:42] Memproses ID: 689 | Grup: 120363050265854008@g.us
[2026-07-15 10:33:42] Memproses ID: 690 | Grup: 120363044190434149@g.us
[2026-07-15 10:33:42] Memproses ID: 691 | Grup: 6288223053149-1628990310@g.us
[2026-07-15 10:33:42] Memproses ID: 692 | Grup: 120363423439597045@g.us
[2026-07-15 10:33:42] Memproses ID: 693 | Grup: 120363423928156450@g.us
[2026-07-15 10:33:42] Memproses ID: 694 | Grup: 120363408071243350@g.us
[2026-07-15 10:33:42] Memproses ID: 695 | Grup: 120363039389503844@g.us
[2026-07-15 10:33:42] Memproses ID: 696 | Grup: 120363044444176204@g.us
[2026-07-15 10:33:42] Memproses ID: 697 | Grup: 120363141667377593@g.us
[2026-07-15 10:33:42] Memproses ID: 698 | Grup: 120363162998144080@g.us
[2026-07-15 10:33:42] Memproses ID: 699 | Grup: 120363385903573100@g.us
[2026-07-15 10:33:42] Memproses ID: 700 | Grup: 120363411064755393@g.us
[2026-07-15 10:33:42] Memproses ID: 701 | Grup: 120363417313292596@g.us
[2026-07-15 10:33:42] Memproses ID: 702 | Grup: 120363401939395995@g.us
[2026-07-15 10:33:42] === CRON SELESAI - Total diproses: 0 ===
[2026-07-15 10:37:07] === CRON DIMULAI ===
[2026-07-15 10:37:07] Token valid - melanjutkan proses
[2026-07-15 10:37:07] Mengecek jadwal_pesan_grup dengan status pending
[2026-07-15 10:37:07] Ditemukan 39 jadwal pending
[2026-07-15 10:37:07] Waktu eksekusi: Hari=3, Jam=10:37, Tanggal=2026-07-15
[2026-07-15 10:37:07] Memproses ID: 664 | Grup: 6288223053149-1625812872@g.us
[2026-07-15 10:37:07] Memproses ID: 665 | Grup: 120363027086389205@g.us
[2026-07-15 10:37:07] Memproses ID: 666 | Grup: 120363026286576758@g.us
[2026-07-15 10:37:07] Memproses ID: 667 | Grup: 120363401476398760@g.us
[2026-07-15 10:37:07] Memproses ID: 668 | Grup: 120363029518433218@g.us
[2026-07-15 10:37:07] Memproses ID: 669 | Grup: 120363045388200123@g.us
[2026-07-15 10:37:07] Memproses ID: 670 | Grup: 120363144011863882@g.us
[2026-07-15 10:37:07] Memproses ID: 671 | Grup: 120363142682976996@g.us
[2026-07-15 10:37:07] Memproses ID: 672 | Grup: 120363165381104636@g.us
[2026-07-15 10:37:07] Memproses ID: 673 | Grup: 120363177621854990@g.us
[2026-07-15 10:37:07] Memproses ID: 674 | Grup: 120363166772548040@g.us
[2026-07-15 10:37:07] Memproses ID: 675 | Grup: 6288223053149-1628933654@g.us
[2026-07-15 10:37:07] Memproses ID: 676 | Grup: 120363307103423619@g.us
[2026-07-15 10:37:07] Memproses ID: 677 | Grup: 120363048096640049@g.us
[2026-07-15 10:37:07] Memproses ID: 678 | Grup: 120363420332987254@g.us
[2026-07-15 10:37:07] Memproses ID: 679 | Grup: 120363427600194189@g.us
[2026-07-15 10:37:07] Memproses ID: 680 | Grup: 120363424981128061@g.us
[2026-07-15 10:37:07] Memproses ID: 681 | Grup: 120363423682419095@g.us
[2026-07-15 10:37:07] Memproses ID: 682 | Grup: 120363407529692762@g.us
[2026-07-15 10:37:07] Memproses ID: 683 | Grup: 120363424404884002@g.us
[2026-07-15 10:37:07] Memproses ID: 684 | Grup: 120363039363103038@g.us
[2026-07-15 10:37:07] Memproses ID: 685 | Grup: 120363038976138602@g.us
[2026-07-15 10:37:07] Memproses ID: 686 | Grup: 120363021460733716@g.us
[2026-07-15 10:37:07] Memproses ID: 687 | Grup: 120363040515520871@g.us
[2026-07-15 10:37:07] Memproses ID: 688 | Grup: 120363043172695401@g.us
[2026-07-15 10:37:07] Memproses ID: 689 | Grup: 120363050265854008@g.us
[2026-07-15 10:37:07] Memproses ID: 690 | Grup: 120363044190434149@g.us
[2026-07-15 10:37:07] Memproses ID: 691 | Grup: 6288223053149-1628990310@g.us
[2026-07-15 10:37:07] Memproses ID: 692 | Grup: 120363423439597045@g.us
[2026-07-15 10:37:07] Memproses ID: 693 | Grup: 120363423928156450@g.us
[2026-07-15 10:37:07] Memproses ID: 694 | Grup: 120363408071243350@g.us
[2026-07-15 10:37:07] Memproses ID: 695 | Grup: 120363039389503844@g.us
[2026-07-15 10:37:07] Memproses ID: 696 | Grup: 120363044444176204@g.us
[2026-07-15 10:37:07] Memproses ID: 697 | Grup: 120363141667377593@g.us
[2026-07-15 10:37:07] Memproses ID: 698 | Grup: 120363162998144080@g.us
[2026-07-15 10:37:07] Memproses ID: 699 | Grup: 120363385903573100@g.us
[2026-07-15 10:37:07] Memproses ID: 700 | Grup: 120363411064755393@g.us
[2026-07-15 10:37:07] Memproses ID: 701 | Grup: 120363417313292596@g.us
[2026-07-15 10:37:07] Memproses ID: 702 | Grup: 120363401939395995@g.us
[2026-07-15 10:37:07] === CRON SELESAI - Total diproses: 0 ===
[2026-07-15 10:40:41] === CRON DIMULAI ===
[2026-07-15 10:40:41] Token valid - melanjutkan proses
[2026-07-15 10:40:41] Mengecek jadwal_pesan_grup dengan status pending
[2026-07-15 10:40:41] Ditemukan 39 jadwal pending
[2026-07-15 10:40:41] Waktu eksekusi: Hari=3, Jam=10:40, Tanggal=2026-07-15
[2026-07-15 10:40:41] Memproses ID: 664 | Grup: 6288223053149-1625812872@g.us
[2026-07-15 10:40:41] Memproses ID: 665 | Grup: 120363027086389205@g.us
[2026-07-15 10:40:41] Memproses ID: 666 | Grup: 120363026286576758@g.us
[2026-07-15 10:40:41] Memproses ID: 667 | Grup: 120363401476398760@g.us
[2026-07-15 10:40:41] Memproses ID: 668 | Grup: 120363029518433218@g.us
[2026-07-15 10:40:41] Memproses ID: 669 | Grup: 120363045388200123@g.us
[2026-07-15 10:40:41] Memproses ID: 670 | Grup: 120363144011863882@g.us
[2026-07-15 10:40:41] Memproses ID: 671 | Grup: 120363142682976996@g.us
[2026-07-15 10:40:41] Memproses ID: 672 | Grup: 120363165381104636@g.us
[2026-07-15 10:40:41] Memproses ID: 673 | Grup: 120363177621854990@g.us
[2026-07-15 10:40:41] Memproses ID: 674 | Grup: 120363166772548040@g.us
[2026-07-15 10:40:41] Memproses ID: 675 | Grup: 6288223053149-1628933654@g.us
[2026-07-15 10:40:41] Memproses ID: 676 | Grup: 120363307103423619@g.us
[2026-07-15 10:40:41] Memproses ID: 677 | Grup: 120363048096640049@g.us
[2026-07-15 10:40:41] Memproses ID: 678 | Grup: 120363420332987254@g.us
[2026-07-15 10:40:41] Memproses ID: 679 | Grup: 120363427600194189@g.us
[2026-07-15 10:40:41] Memproses ID: 680 | Grup: 120363424981128061@g.us
[2026-07-15 10:40:41] Memproses ID: 681 | Grup: 120363423682419095@g.us
[2026-07-15 10:40:41] Memproses ID: 682 | Grup: 120363407529692762@g.us
[2026-07-15 10:40:41] Memproses ID: 683 | Grup: 120363424404884002@g.us
[2026-07-15 10:40:41] Memproses ID: 684 | Grup: 120363039363103038@g.us
[2026-07-15 10:40:41] Memproses ID: 685 | Grup: 120363038976138602@g.us
[2026-07-15 10:40:41] Memproses ID: 686 | Grup: 120363021460733716@g.us
[2026-07-15 10:40:41] Memproses ID: 687 | Grup: 120363040515520871@g.us
[2026-07-15 10:40:41] Memproses ID: 688 | Grup: 120363043172695401@g.us
[2026-07-15 10:40:41] Memproses ID: 689 | Grup: 120363050265854008@g.us
[2026-07-15 10:40:41] Memproses ID: 690 | Grup: 120363044190434149@g.us
[2026-07-15 10:40:41] Memproses ID: 691 | Grup: 6288223053149-1628990310@g.us
[2026-07-15 10:40:41] Memproses ID: 692 | Grup: 120363423439597045@g.us
[2026-07-15 10:40:41] Memproses ID: 693 | Grup: 120363423928156450@g.us
[2026-07-15 10:40:41] Memproses ID: 694 | Grup: 120363408071243350@g.us
[2026-07-15 10:40:41] Memproses ID: 695 | Grup: 120363039389503844@g.us
[2026-07-15 10:40:41] Memproses ID: 696 | Grup: 120363044444176204@g.us
[2026-07-15 10:40:41] Memproses ID: 697 | Grup: 120363141667377593@g.us
[2026-07-15 10:40:41] Memproses ID: 698 | Grup: 120363162998144080@g.us
[2026-07-15 10:40:41] Memproses ID: 699 | Grup: 120363385903573100@g.us
[2026-07-15 10:40:41] Memproses ID: 700 | Grup: 120363411064755393@g.us
[2026-07-15 10:40:41] Memproses ID: 701 | Grup: 120363417313292596@g.us
[2026-07-15 10:40:41] Memproses ID: 702 | Grup: 120363401939395995@g.us
[2026-07-15 10:40:41] === CRON SELESAI - Total diproses: 0 ===
[2026-07-15 10:40:44] === CRON DIMULAI ===
[2026-07-15 10:40:44] Token valid - melanjutkan proses
[2026-07-15 10:40:44] Mengecek jadwal_pesan_grup dengan status pending
[2026-07-15 10:40:44] Ditemukan 39 jadwal pending
[2026-07-15 10:40:44] Waktu eksekusi: Hari=3, Jam=10:40, Tanggal=2026-07-15
[2026-07-15 10:40:44] Memproses ID: 664 | Grup: 6288223053149-1625812872@g.us
[2026-07-15 10:40:44] Memproses ID: 665 | Grup: 120363027086389205@g.us
[2026-07-15 10:40:44] Memproses ID: 666 | Grup: 120363026286576758@g.us
[2026-07-15 10:40:44] Memproses ID: 667 | Grup: 120363401476398760@g.us
[2026-07-15 10:40:44] Memproses ID: 668 | Grup: 120363029518433218@g.us
[2026-07-15 10:40:44] Memproses ID: 669 | Grup: 120363045388200123@g.us
[2026-07-15 10:40:44] Memproses ID: 670 | Grup: 120363144011863882@g.us
[2026-07-15 10:40:44] Memproses ID: 671 | Grup: 120363142682976996@g.us
[2026-07-15 10:40:44] Memproses ID: 672 | Grup: 120363165381104636@g.us
[2026-07-15 10:40:44] Memproses ID: 673 | Grup: 120363177621854990@g.us
[2026-07-15 10:40:44] Memproses ID: 674 | Grup: 120363166772548040@g.us
[2026-07-15 10:40:44] Memproses ID: 675 | Grup: 6288223053149-1628933654@g.us
[2026-07-15 10:40:44] Memproses ID: 676 | Grup: 120363307103423619@g.us
[2026-07-15 10:40:44] Memproses ID: 677 | Grup: 120363048096640049@g.us
[2026-07-15 10:40:44] Memproses ID: 678 | Grup: 120363420332987254@g.us
[2026-07-15 10:40:44] Memproses ID: 679 | Grup: 120363427600194189@g.us
[2026-07-15 10:40:44] Memproses ID: 680 | Grup: 120363424981128061@g.us
[2026-07-15 10:40:44] Memproses ID: 681 | Grup: 120363423682419095@g.us
[2026-07-15 10:40:44] Memproses ID: 682 | Grup: 120363407529692762@g.us
[2026-07-15 10:40:44] Memproses ID: 683 | Grup: 120363424404884002@g.us
[2026-07-15 10:40:44] Memproses ID: 684 | Grup: 120363039363103038@g.us
[2026-07-15 10:40:44] Memproses ID: 685 | Grup: 120363038976138602@g.us
[2026-07-15 10:40:44] Memproses ID: 686 | Grup: 120363021460733716@g.us
[2026-07-15 10:40:44] Memproses ID: 687 | Grup: 120363040515520871@g.us
[2026-07-15 10:40:44] Memproses ID: 688 | Grup: 120363043172695401@g.us
[2026-07-15 10:40:44] Memproses ID: 689 | Grup: 120363050265854008@g.us
[2026-07-15 10:40:44] Memproses ID: 690 | Grup: 120363044190434149@g.us
[2026-07-15 10:40:44] Memproses ID: 691 | Grup: 6288223053149-1628990310@g.us
[2026-07-15 10:40:44] Memproses ID: 692 | Grup: 120363423439597045@g.us
[2026-07-15 10:40:44] Memproses ID: 693 | Grup: 120363423928156450@g.us
[2026-07-15 10:40:44] Memproses ID: 694 | Grup: 120363408071243350@g.us
[2026-07-15 10:40:44] Memproses ID: 695 | Grup: 120363039389503844@g.us
[2026-07-15 10:40:44] Memproses ID: 696 | Grup: 120363044444176204@g.us
[2026-07-15 10:40:44] Memproses ID: 697 | Grup: 120363141667377593@g.us
[2026-07-15 10:40:44] Memproses ID: 698 | Grup: 120363162998144080@g.us
[2026-07-15 10:40:44] Memproses ID: 699 | Grup: 120363385903573100@g.us
[2026-07-15 10:40:44] Memproses ID: 700 | Grup: 120363411064755393@g.us
[2026-07-15 10:40:44] Memproses ID: 701 | Grup: 120363417313292596@g.us
[2026-07-15 10:40:44] Memproses ID: 702 | Grup: 120363401939395995@g.us
[2026-07-15 10:40:44] === CRON SELESAI - Total diproses: 0 ===
[2026-07-15 11:42:50] === CRON DIMULAI ===
[2026-07-15 11:42:50] Token valid - melanjutkan proses
[2026-07-15 11:42:50] Mengecek jadwal_pesan_grup dengan status pending
[2026-07-15 11:42:50] Ditemukan 39 jadwal pending
[2026-07-15 11:42:50] Waktu eksekusi: Hari=3, Jam=11:42, Tanggal=2026-07-15
[2026-07-15 11:42:50] Memproses ID: 664 | Grup: 6288223053149-1625812872@g.us
[2026-07-15 11:42:50] Memproses ID: 665 | Grup: 120363027086389205@g.us
[2026-07-15 11:42:50] Memproses ID: 666 | Grup: 120363026286576758@g.us
[2026-07-15 11:42:50] Memproses ID: 667 | Grup: 120363401476398760@g.us
[2026-07-15 11:42:50] Memproses ID: 668 | Grup: 120363029518433218@g.us
[2026-07-15 11:42:50] Memproses ID: 669 | Grup: 120363045388200123@g.us
[2026-07-15 11:42:50] Memproses ID: 670 | Grup: 120363144011863882@g.us
[2026-07-15 11:42:50] Memproses ID: 671 | Grup: 120363142682976996@g.us
[2026-07-15 11:42:50] Memproses ID: 672 | Grup: 120363165381104636@g.us
[2026-07-15 11:42:50] Memproses ID: 673 | Grup: 120363177621854990@g.us
[2026-07-15 11:42:50] Memproses ID: 674 | Grup: 120363166772548040@g.us
[2026-07-15 11:42:50] Memproses ID: 675 | Grup: 6288223053149-1628933654@g.us
[2026-07-15 11:42:50] Memproses ID: 676 | Grup: 120363307103423619@g.us
[2026-07-15 11:42:50] Memproses ID: 677 | Grup: 120363048096640049@g.us
[2026-07-15 11:42:50] Memproses ID: 678 | Grup: 120363420332987254@g.us
[2026-07-15 11:42:50] Memproses ID: 679 | Grup: 120363427600194189@g.us
[2026-07-15 11:42:50] Memproses ID: 680 | Grup: 120363424981128061@g.us
[2026-07-15 11:42:50] Memproses ID: 681 | Grup: 120363423682419095@g.us
[2026-07-15 11:42:50] Memproses ID: 682 | Grup: 120363407529692762@g.us
[2026-07-15 11:42:50] Memproses ID: 683 | Grup: 120363424404884002@g.us
[2026-07-15 11:42:50] Memproses ID: 684 | Grup: 120363039363103038@g.us
[2026-07-15 11:42:50] Memproses ID: 685 | Grup: 120363038976138602@g.us
[2026-07-15 11:42:50] Memproses ID: 686 | Grup: 120363021460733716@g.us
[2026-07-15 11:42:50] Memproses ID: 687 | Grup: 120363040515520871@g.us
[2026-07-15 11:42:50] Memproses ID: 688 | Grup: 120363043172695401@g.us
[2026-07-15 11:42:50] Memproses ID: 689 | Grup: 120363050265854008@g.us
[2026-07-15 11:42:50] Memproses ID: 690 | Grup: 120363044190434149@g.us
[2026-07-15 11:42:50] Memproses ID: 691 | Grup: 6288223053149-1628990310@g.us
[2026-07-15 11:42:50] Memproses ID: 692 | Grup: 120363423439597045@g.us
[2026-07-15 11:42:50] Memproses ID: 693 | Grup: 120363423928156450@g.us
[2026-07-15 11:42:50] Memproses ID: 694 | Grup: 120363408071243350@g.us
[2026-07-15 11:42:50] Memproses ID: 695 | Grup: 120363039389503844@g.us
[2026-07-15 11:42:50] Memproses ID: 696 | Grup: 120363044444176204@g.us
[2026-07-15 11:42:50] Memproses ID: 697 | Grup: 120363141667377593@g.us
[2026-07-15 11:42:50] Memproses ID: 698 | Grup: 120363162998144080@g.us
[2026-07-15 11:42:50] Memproses ID: 699 | Grup: 120363385903573100@g.us
[2026-07-15 11:42:50] Memproses ID: 700 | Grup: 120363411064755393@g.us
[2026-07-15 11:42:50] Memproses ID: 701 | Grup: 120363417313292596@g.us
[2026-07-15 11:42:50] Memproses ID: 702 | Grup: 120363401939395995@g.us
[2026-07-15 11:42:50] === CRON SELESAI - Total diproses: 0 ===
[2026-07-15 12:01:02] === CRON DIMULAI ===
[2026-07-15 12:01:02] ERROR: Akses Ditolak - Token tidak valid
[2026-07-15 19:26:22] === CRON DIMULAI ===
[2026-07-15 19:26:22] Token valid - melanjutkan proses
[2026-07-15 19:26:22] Mengecek jadwal_pesan_grup dengan status pending
[2026-07-15 19:26:22] Ditemukan 39 jadwal pending
[2026-07-15 19:26:22] Waktu eksekusi: Hari=3, Jam=19:26, Tanggal=2026-07-15
[2026-07-15 19:26:22] Memproses ID: 664 | Grup: 6288223053149-1625812872@g.us
[2026-07-15 19:26:22] Memproses ID: 665 | Grup: 120363027086389205@g.us
[2026-07-15 19:26:22] Memproses ID: 666 | Grup: 120363026286576758@g.us
[2026-07-15 19:26:22] Memproses ID: 667 | Grup: 120363401476398760@g.us
[2026-07-15 19:26:22] Memproses ID: 668 | Grup: 120363029518433218@g.us
[2026-07-15 19:26:22] Memproses ID: 669 | Grup: 120363045388200123@g.us
[2026-07-15 19:26:22] Memproses ID: 670 | Grup: 120363144011863882@g.us
[2026-07-15 19:26:22] Memproses ID: 671 | Grup: 120363142682976996@g.us
[2026-07-15 19:26:22] Memproses ID: 672 | Grup: 120363165381104636@g.us
[2026-07-15 19:26:22] Memproses ID: 673 | Grup: 120363177621854990@g.us
[2026-07-15 19:26:22] Memproses ID: 674 | Grup: 120363166772548040@g.us
[2026-07-15 19:26:22] Memproses ID: 675 | Grup: 6288223053149-1628933654@g.us
[2026-07-15 19:26:22] Memproses ID: 676 | Grup: 120363307103423619@g.us
[2026-07-15 19:26:22] Memproses ID: 677 | Grup: 120363048096640049@g.us
[2026-07-15 19:26:22] Memproses ID: 678 | Grup: 120363420332987254@g.us
[2026-07-15 19:26:22] Memproses ID: 679 | Grup: 120363427600194189@g.us
[2026-07-15 19:26:22] Memproses ID: 680 | Grup: 120363424981128061@g.us
[2026-07-15 19:26:22] Memproses ID: 681 | Grup: 120363423682419095@g.us
[2026-07-15 19:26:22] Memproses ID: 682 | Grup: 120363407529692762@g.us
[2026-07-15 19:26:22] Memproses ID: 683 | Grup: 120363424404884002@g.us
[2026-07-15 19:26:22] Memproses ID: 684 | Grup: 120363039363103038@g.us
[2026-07-15 19:26:22] Memproses ID: 685 | Grup: 120363038976138602@g.us
[2026-07-15 19:26:22] Memproses ID: 686 | Grup: 120363021460733716@g.us
[2026-07-15 19:26:22] Memproses ID: 687 | Grup: 120363040515520871@g.us
[2026-07-15 19:26:22] Memproses ID: 688 | Grup: 120363043172695401@g.us
[2026-07-15 19:26:22] Memproses ID: 689 | Grup: 120363050265854008@g.us
[2026-07-15 19:26:22] Memproses ID: 690 | Grup: 120363044190434149@g.us
[2026-07-15 19:26:22] Memproses ID: 691 | Grup: 6288223053149-1628990310@g.us
[2026-07-15 19:26:22] Memproses ID: 692 | Grup: 120363423439597045@g.us
[2026-07-15 19:26:22] Memproses ID: 693 | Grup: 120363423928156450@g.us
[2026-07-15 19:26:22] Memproses ID: 694 | Grup: 120363408071243350@g.us
[2026-07-15 19:26:22] Memproses ID: 695 | Grup: 120363039389503844@g.us
[2026-07-15 19:26:22] Memproses ID: 696 | Grup: 120363044444176204@g.us
[2026-07-15 19:26:22] Memproses ID: 697 | Grup: 120363141667377593@g.us
[2026-07-15 19:26:22] Memproses ID: 698 | Grup: 120363162998144080@g.us
[2026-07-15 19:26:22] Memproses ID: 699 | Grup: 120363385903573100@g.us
[2026-07-15 19:26:22] Memproses ID: 700 | Grup: 120363411064755393@g.us
[2026-07-15 19:26:22] Memproses ID: 701 | Grup: 120363417313292596@g.us
[2026-07-15 19:26:22] Memproses ID: 702 | Grup: 120363401939395995@g.us
[2026-07-15 19:26:22] === CRON SELESAI - Total diproses: 0 ===
[2026-07-16 11:31:19] === CRON DIMULAI ===
[2026-07-16 11:31:19] Token valid - melanjutkan proses
[2026-07-16 11:31:19] Mengecek jadwal_pesan_grup dengan status pending
[2026-07-16 11:31:19] Ditemukan 39 jadwal pending
[2026-07-16 11:31:19] Waktu eksekusi: Hari=4, Jam=11:31, Tanggal=2026-07-16
[2026-07-16 11:31:19] Memproses ID: 664 | Grup: 6288223053149-1625812872@g.us
[2026-07-16 11:31:19] Memproses ID: 665 | Grup: 120363027086389205@g.us
[2026-07-16 11:31:19] Memproses ID: 666 | Grup: 120363026286576758@g.us
[2026-07-16 11:31:19] Memproses ID: 667 | Grup: 120363401476398760@g.us
[2026-07-16 11:31:19] Memproses ID: 668 | Grup: 120363029518433218@g.us
[2026-07-16 11:31:19] Memproses ID: 669 | Grup: 120363045388200123@g.us
[2026-07-16 11:31:19] Memproses ID: 670 | Grup: 120363144011863882@g.us
[2026-07-16 11:31:19] Memproses ID: 671 | Grup: 120363142682976996@g.us
[2026-07-16 11:31:19] Memproses ID: 672 | Grup: 120363165381104636@g.us
[2026-07-16 11:31:19] Memproses ID: 673 | Grup: 120363177621854990@g.us
[2026-07-16 11:31:19] Memproses ID: 674 | Grup: 120363166772548040@g.us
[2026-07-16 11:31:19] Memproses ID: 675 | Grup: 6288223053149-1628933654@g.us
[2026-07-16 11:31:19] Memproses ID: 676 | Grup: 120363307103423619@g.us
[2026-07-16 11:31:19] Memproses ID: 677 | Grup: 120363048096640049@g.us
[2026-07-16 11:31:19] Memproses ID: 678 | Grup: 120363420332987254@g.us
[2026-07-16 11:31:19] Memproses ID: 679 | Grup: 120363427600194189@g.us
[2026-07-16 11:31:19] Memproses ID: 680 | Grup: 120363424981128061@g.us
[2026-07-16 11:31:19] Memproses ID: 681 | Grup: 120363423682419095@g.us
[2026-07-16 11:31:19] Memproses ID: 682 | Grup: 120363407529692762@g.us
[2026-07-16 11:31:19] Memproses ID: 683 | Grup: 120363424404884002@g.us
[2026-07-16 11:31:19] Memproses ID: 684 | Grup: 120363039363103038@g.us
[2026-07-16 11:31:19] Memproses ID: 685 | Grup: 120363038976138602@g.us
[2026-07-16 11:31:19] Memproses ID: 686 | Grup: 120363021460733716@g.us
[2026-07-16 11:31:19] Memproses ID: 687 | Grup: 120363040515520871@g.us
[2026-07-16 11:31:19] Memproses ID: 688 | Grup: 120363043172695401@g.us
[2026-07-16 11:31:19] Memproses ID: 689 | Grup: 120363050265854008@g.us
[2026-07-16 11:31:19] Memproses ID: 690 | Grup: 120363044190434149@g.us
[2026-07-16 11:31:19] Memproses ID: 691 | Grup: 6288223053149-1628990310@g.us
[2026-07-16 11:31:19] Memproses ID: 692 | Grup: 120363423439597045@g.us
[2026-07-16 11:31:19] Memproses ID: 693 | Grup: 120363423928156450@g.us
[2026-07-16 11:31:19] Memproses ID: 694 | Grup: 120363408071243350@g.us
[2026-07-16 11:31:19] Memproses ID: 695 | Grup: 120363039389503844@g.us
[2026-07-16 11:31:19] Memproses ID: 696 | Grup: 120363044444176204@g.us
[2026-07-16 11:31:19] Memproses ID: 697 | Grup: 120363141667377593@g.us
[2026-07-16 11:31:19] Memproses ID: 698 | Grup: 120363162998144080@g.us
[2026-07-16 11:31:19] Memproses ID: 699 | Grup: 120363385903573100@g.us
[2026-07-16 11:31:19] Memproses ID: 700 | Grup: 120363411064755393@g.us
[2026-07-16 11:31:19] Memproses ID: 701 | Grup: 120363417313292596@g.us
[2026-07-16 11:31:19] Memproses ID: 702 | Grup: 120363401939395995@g.us
[2026-07-16 11:31:19] === CRON SELESAI - Total diproses: 0 ===
[2026-07-20 20:24:11] === CRON DIMULAI ===
[2026-07-20 20:24:11] Token valid - melanjutkan proses
[2026-07-20 20:24:11] Mengecek jadwal_pesan_grup dengan status pending
[2026-07-20 20:24:11] Ditemukan 39 jadwal pending
[2026-07-20 20:24:11] Waktu eksekusi: Hari=1, Jam=20:24, Tanggal=2026-07-20
[2026-07-20 20:24:11] Memproses ID: 664 | Grup: 6288223053149-1625812872@g.us
[2026-07-20 20:24:11] Memproses ID: 665 | Grup: 120363027086389205@g.us
[2026-07-20 20:24:11] Memproses ID: 666 | Grup: 120363026286576758@g.us
[2026-07-20 20:24:11] Memproses ID: 667 | Grup: 120363401476398760@g.us
[2026-07-20 20:24:11] Memproses ID: 668 | Grup: 120363029518433218@g.us
[2026-07-20 20:24:11] === CRON SELESAI - Total diproses: 5 ===
[2026-07-21 19:02:01] === CRON DIMULAI ===
[2026-07-21 19:02:01] Token valid - melanjutkan proses
[2026-07-21 19:02:01] Mengecek jadwal_pesan_grup dengan status pending
[2026-07-21 19:02:01] Ditemukan 39 jadwal pending
[2026-07-21 19:02:01] Waktu eksekusi: Hari=2, Jam=19:02, Tanggal=2026-07-21
[2026-07-21 19:02:01] Memproses ID: 664 | Grup: 6288223053149-1625812872@g.us
[2026-07-21 19:02:02] Memproses ID: 665 | Grup: 120363027086389205@g.us
[2026-07-21 19:02:02] Memproses ID: 666 | Grup: 120363026286576758@g.us
[2026-07-21 19:02:02] Memproses ID: 667 | Grup: 120363401476398760@g.us
[2026-07-21 19:02:02] Memproses ID: 668 | Grup: 120363029518433218@g.us
[2026-07-21 19:02:03] === CRON SELESAI - Total diproses: 5 ===
[2026-07-23 10:22:17] === CRON DIMULAI ===
[2026-07-23 10:22:17] Token valid - melanjutkan proses
[2026-07-23 10:22:17] Mengecek jadwal_pesan_grup dengan status pending
[2026-07-23 10:22:17] Ditemukan 39 jadwal pending
[2026-07-23 10:22:17] Waktu eksekusi: Hari=4, Jam=10:22, Tanggal=2026-07-23
[2026-07-23 10:22:17] Memproses ID: 664 | Grup: 6288223053149-1625812872@g.us
[2026-07-23 10:22:17] Memproses ID: 665 | Grup: 120363027086389205@g.us
[2026-07-23 10:22:17] Memproses ID: 666 | Grup: 120363026286576758@g.us
[2026-07-23 10:22:17] Memproses ID: 667 | Grup: 120363401476398760@g.us
[2026-07-23 10:22:17] Memproses ID: 668 | Grup: 120363029518433218@g.us
[2026-07-23 10:22:17] === CRON SELESAI - Total diproses: 5 ===
[2026-07-24 16:10:46] === CRON DIMULAI ===
[2026-07-24 16:10:46] Token valid - melanjutkan proses
[2026-07-24 16:10:46] Mengecek jadwal_pesan_grup dengan status pending
[2026-07-24 16:10:46] Ditemukan 0 jadwal pending
[2026-07-24 16:10:46] Waktu eksekusi: Hari=5, Jam=16:10, Tanggal=2026-07-24
[2026-07-24 16:10:46] === CRON SELESAI - Tidak ada antrean ===
[2026-07-28 11:57:35] === CRON DIMULAI ===
[2026-07-28 11:57:35] Token valid - melanjutkan proses
[2026-07-28 11:57:35] Mengecek jadwal_pesan_grup dengan status pending
[2026-07-28 11:57:35] Ditemukan 40 jadwal pending
[2026-07-28 11:57:35] Waktu eksekusi: Hari=2, Jam=11:57, Tanggal=2026-07-28
[2026-07-28 11:57:35] Memproses ID: 704 | Grup: 6288223053149-1625812872@g.us
[2026-07-28 11:57:35] Memproses ID: 705 | Grup: 120363027086389205@g.us
[2026-07-28 11:57:35] Memproses ID: 706 | Grup: 120363026286576758@g.us
[2026-07-28 11:57:35] Memproses ID: 707 | Grup: 120363401476398760@g.us
[2026-07-28 11:57:35] Memproses ID: 708 | Grup: 120363029518433218@g.us
[2026-07-28 11:57:35] === CRON SELESAI - Total diproses: 5 ===
[2026-07-28 18:16:04] === CRON DIMULAI ===
[2026-07-28 18:16:04] Token valid - melanjutkan proses
[2026-07-28 18:16:04] Mengecek jadwal_pesan_grup dengan status pending
[2026-07-28 18:16:04] Ditemukan 40 jadwal pending
[2026-07-28 18:16:04] Waktu eksekusi: Hari=2, Jam=18:16, Tanggal=2026-07-28
[2026-07-28 18:16:04] Memproses ID: 704 | Grup: 6288223053149-1625812872@g.us
[2026-07-28 18:16:04] Memproses ID: 705 | Grup: 120363027086389205@g.us
[2026-07-28 18:16:04] Memproses ID: 706 | Grup: 120363026286576758@g.us
[2026-07-28 18:16:04] Memproses ID: 707 | Grup: 120363401476398760@g.us
[2026-07-28 18:16:04] Memproses ID: 708 | Grup: 120363029518433218@g.us
[2026-07-28 18:16:04] Memproses ID: 709 | Grup: 120363045388200123@g.us
[2026-07-28 18:16:04] Memproses ID: 710 | Grup: 120363144011863882@g.us
[2026-07-28 18:16:04] Memproses ID: 711 | Grup: 120363142682976996@g.us
[2026-07-28 18:16:04] Memproses ID: 712 | Grup: 120363165381104636@g.us
[2026-07-28 18:16:04] Memproses ID: 713 | Grup: 120363177621854990@g.us
[2026-07-28 18:16:04] === CRON SELESAI - Total diproses: 5 ===
