
[24-Jun-2026 17:15:57 UTC] PHP Notice:  session_start(): Ignoring session_start() because a session is already active (started from /home/digitalprofit.my.id/app.reqra.my.id/jwdpoloap/pesan.php on line 3) in /home/digitalprofit.my.id/app.reqra.my.id/jwdpoloap/auth_checkwa.php on line 2
[24-Jun-2026 17:16:20 UTC] PHP Notice:  session_start(): Ignoring session_start() because a session is already active (started from /home/digitalprofit.my.id/app.reqra.my.id/jwdpoloap/pesan.php on line 3) in /home/digitalprofit.my.id/app.reqra.my.id/jwdpoloap/auth_checkwa.php on line 2
[24-Jun-2026 17:18:24 UTC] PHP Notice:  session_start(): Ignoring session_start() because a session is already active (started from /home/digitalprofit.my.id/app.reqra.my.id/jwdpoloap/pesan.php on line 3) in /home/digitalprofit.my.id/app.reqra.my.id/jwdpoloap/auth_checkwa.php on line 2
[24-Jun-2026 17:18:32 UTC] PHP Notice:  session_start(): Ignoring session_start() because a session is already active (started from /home/digitalprofit.my.id/app.reqra.my.id/jwdpoloap/pesan.php on line 3) in /home/digitalprofit.my.id/app.reqra.my.id/jwdpoloap/auth_checkwa.php on line 2
[25-Jun-2026 05:50:14 UTC] PHP Notice:  session_start(): Ignoring session_start() because a session is already active (started from /home/digitalprofit.my.id/app.reqra.my.id/jwdpoloap/pesan.php on line 3) in /home/digitalprofit.my.id/app.reqra.my.id/jwdpoloap/auth_checkwa.php on line 2
[25-Jun-2026 05:50:27 UTC] PHP Notice:  session_start(): Ignoring session_start() because a session is already active (started from /home/digitalprofit.my.id/app.reqra.my.id/jwdpoloap/pesan.php on line 3) in /home/digitalprofit.my.id/app.reqra.my.id/jwdpoloap/auth_checkwa.php on line 2
[25-Jun-2026 05:51:13 UTC] PHP Notice:  session_start(): Ignoring session_start() because a session is already active (started from /home/digitalprofit.my.id/app.reqra.my.id/jwdpoloap/pesan.php on line 3) in /home/digitalprofit.my.id/app.reqra.my.id/jwdpoloap/auth_checkwa.php on line 2
[25-Jun-2026 05:51:14 UTC] PHP Notice:  session_start(): Ignoring session_start() because a session is already active (started from /home/digitalprofit.my.id/app.reqra.my.id/jwdpoloap/pesan.php on line 3) in /home/digitalprofit.my.id/app.reqra.my.id/jwdpoloap/auth_checkwa.php on line 2
[25-Jun-2026 05:51:41 UTC] PHP Notice:  session_start(): Ignoring session_start() because a session is already active (started from /home/digitalprofit.my.id/app.reqra.my.id/jwdpoloap/pesan.php on line 3) in /home/digitalprofit.my.id/app.reqra.my.id/jwdpoloap/auth_checkwa.php on line 2
[25-Jun-2026 05:51:48 UTC] PHP Notice:  session_start(): Ignoring session_start() because a session is already active (started from /home/digitalprofit.my.id/app.reqra.my.id/jwdpoloap/pesan.php on line 3) in /home/digitalprofit.my.id/app.reqra.my.id/jwdpoloap/auth_checkwa.php on line 2
[25-Jun-2026 05:51:55 UTC] PHP Notice:  session_start(): Ignoring session_start() because a session is already active (started from /home/digitalprofit.my.id/app.reqra.my.id/jwdpoloap/pesan.php on line 3) in /home/digitalprofit.my.id/app.reqra.my.id/jwdpoloap/auth_checkwa.php on line 2
[25-Jun-2026 05:52:02 UTC] PHP Notice:  session_start(): Ignoring session_start() because a session is already active (started from /home/digitalprofit.my.id/app.reqra.my.id/jwdpoloap/pesan.php on line 3) in /home/digitalprofit.my.id/app.reqra.my.id/jwdpoloap/auth_checkwa.php on line 2
[25-Jun-2026 05:52:06 UTC] PHP Notice:  session_start(): Ignoring session_start() because a session is already active (started from /home/digitalprofit.my.id/app.reqra.my.id/jwdpoloap/pesan.php on line 3) in /home/digitalprofit.my.id/app.reqra.my.id/jwdpoloap/auth_checkwa.php on line 2
[25-Jun-2026 06:18:19 UTC] PHP Notice:  session_start(): Ignoring session_start() because a session is already active (started from /home/digitalprofit.my.id/app.reqra.my.id/jwdpoloap/pesan.php on line 3) in /home/digitalprofit.my.id/app.reqra.my.id/jwdpoloap/auth_checkwa.php on line 2
[25-Jun-2026 06:18:20 UTC] PHP Notice:  session_start(): Ignoring session_start() because a session is already active (started from /home/digitalprofit.my.id/app.reqra.my.id/jwdpoloap/pesan.php on line 3) in /home/digitalprofit.my.id/app.reqra.my.id/jwdpoloap/auth_checkwa.php on line 2
[25-Jun-2026 22:58:27 UTC] PHP Notice:  session_start(): Ignoring session_start() because a session is already active (started from /home/digitalprofit.my.id/app.reqra.my.id/jwdpoloap/pesan.php on line 3) in /home/digitalprofit.my.id/app.reqra.my.id/jwdpoloap/auth_checkwa.php on line 2
[25-Jun-2026 23:00:06 UTC] PHP Notice:  session_start(): Ignoring session_start() because a session is already active (started from /home/digitalprofit.my.id/app.reqra.my.id/jwdpoloap/pesan.php on line 3) in /home/digitalprofit.my.id/app.reqra.my.id/jwdpoloap/auth_checkwa.php on line 2
[25-Jun-2026 23:00:16 UTC] PHP Notice:  session_start(): Ignoring session_start() because a session is already active (started from /home/digitalprofit.my.id/app.reqra.my.id/jwdpoloap/pesan.php on line 3) in /home/digitalprofit.my.id/app.reqra.my.id/jwdpoloap/auth_checkwa.php on line 2
[25-Jun-2026 23:00:21 UTC] PHP Notice:  session_start(): Ignoring session_start() because a session is already active (started from /home/digitalprofit.my.id/app.reqra.my.id/jwdpoloap/pesan.php on line 3) in /home/digitalprofit.my.id/app.reqra.my.id/jwdpoloap/auth_checkwa.php on line 2
[25-Jun-2026 23:42:38 UTC] PHP Notice:  session_start(): Ignoring session_start() because a session is already active (started from /home/digitalprofit.my.id/app.reqra.my.id/jwdpoloap/pesan.php on line 3) in /home/digitalprofit.my.id/app.reqra.my.id/jwdpoloap/auth_checkwa.php on line 2
[25-Jun-2026 23:42:49 UTC] PHP Notice:  session_start(): Ignoring session_start() because a session is already active (started from /home/digitalprofit.my.id/app.reqra.my.id/jwdpoloap/pesan.php on line 3) in /home/digitalprofit.my.id/app.reqra.my.id/jwdpoloap/auth_checkwa.php on line 2
[25-Jun-2026 23:43:05 UTC] PHP Notice:  session_start(): Ignoring session_start() because a session is already active (started from /home/digitalprofit.my.id/app.reqra.my.id/jwdpoloap/pesan.php on line 3) in /home/digitalprofit.my.id/app.reqra.my.id/jwdpoloap/auth_checkwa.php on line 2
[25-Jun-2026 23:43:10 UTC] PHP Notice:  session_start(): Ignoring session_start() because a session is already active (started from /home/digitalprofit.my.id/app.reqra.my.id/jwdpoloap/pesan.php on line 3) in /home/digitalprofit.my.id/app.reqra.my.id/jwdpoloap/auth_checkwa.php on line 2
[25-Jun-2026 23:48:54 UTC] PHP Notice:  session_start(): Ignoring session_start() because a session is already active (started from /home/digitalprofit.my.id/app.reqra.my.id/jwdpoloap/pesan.php on line 3) in /home/digitalprofit.my.id/app.reqra.my.id/jwdpoloap/auth_checkwa.php on line 2
[25-Jun-2026 23:48:58 UTC] PHP Notice:  session_start(): Ignoring session_start() because a session is already active (started from /home/digitalprofit.my.id/app.reqra.my.id/jwdpoloap/pesan.php on line 3) in /home/digitalprofit.my.id/app.reqra.my.id/jwdpoloap/auth_checkwa.php on line 2
[25-Jun-2026 23:49:01 UTC] PHP Notice:  session_start(): Ignoring session_start() because a session is already active (started from /home/digitalprofit.my.id/app.reqra.my.id/jwdpoloap/pesan.php on line 3) in /home/digitalprofit.my.id/app.reqra.my.id/jwdpoloap/auth_checkwa.php on line 2
[25-Jun-2026 23:59:41 UTC] PHP Notice:  session_start(): Ignoring session_start() because a session is already active (started from /home/digitalprofit.my.id/app.reqra.my.id/jwdpoloap/pesan.php on line 3) in /home/digitalprofit.my.id/app.reqra.my.id/jwdpoloap/auth_checkwa.php on line 2
[29-Jun-2026 14:24:15 UTC] PHP Notice:  session_start(): Ignoring session_start() because a session is already active in /home/wegqxcgv/subdomains/app.reqra.my.id/jwdpoloap/auth_checkwa.php on line 2
[29-Jun-2026 14:24:25 UTC] PHP Notice:  session_start(): Ignoring session_start() because a session is already active in /home/wegqxcgv/subdomains/app.reqra.my.id/jwdpoloap/auth_checkwa.php on line 2
[29-Jun-2026 14:29:07 UTC] PHP Notice:  session_start(): Ignoring session_start() because a session is already active in /home/wegqxcgv/subdomains/app.reqra.my.id/jwdpoloap/auth_checkwa.php on line 2
[29-Jun-2026 22:55:55 UTC] PHP Notice:  session_start(): Ignoring session_start() because a session is already active in /home/wegqxcgv/subdomains/app.reqra.my.id/jwdpoloap/auth_checkwa.php on line 2
[30-Jun-2026 00:54:48 UTC] PHP Notice:  session_start(): Ignoring session_start() because a session is already active in /home/wegqxcgv/subdomains/app.reqra.my.id/jwdpoloap/auth_checkwa.php on line 2
[30-Jun-2026 05:18:55 UTC] PHP Notice:  session_start(): Ignoring session_start() because a session is already active in /home/wegqxcgv/subdomains/app.reqra.my.id/jwdpoloap/auth_checkwa.php on line 2
[30-Jun-2026 05:20:48 UTC] PHP Notice:  session_start(): Ignoring session_start() because a session is already active in /home/wegqxcgv/subdomains/app.reqra.my.id/jwdpoloap/auth_checkwa.php on line 2
[30-Jun-2026 05:21:55 UTC] PHP Notice:  session_start(): Ignoring session_start() because a session is already active in /home/wegqxcgv/subdomains/app.reqra.my.id/jwdpoloap/auth_checkwa.php on line 2
[30-Jun-2026 05:21:58 UTC] PHP Notice:  session_start(): Ignoring session_start() because a session is already active in /home/wegqxcgv/subdomains/app.reqra.my.id/jwdpoloap/auth_checkwa.php on line 2
[30-Jun-2026 05:22:59 UTC] PHP Notice:  session_start(): Ignoring session_start() because a session is already active in /home/wegqxcgv/subdomains/app.reqra.my.id/jwdpoloap/auth_checkwa.php on line 2
[30-Jun-2026 09:10:46 UTC] PHP Notice:  session_start(): Ignoring session_start() because a session is already active in /home/wegqxcgv/subdomains/app.reqra.my.id/jwdpoloap/auth_checkwa.php on line 2
[30-Jun-2026 13:23:16 UTC] PHP Notice:  session_start(): Ignoring session_start() because a session is already active in /home/wegqxcgv/subdomains/app.reqra.my.id/jwdpoloap/auth_checkwa.php on line 2
[01-Jul-2026 00:12:31 UTC] PHP Notice:  session_start(): Ignoring session_start() because a session is already active in /home/wegqxcgv/subdomains/app.reqra.my.id/jwdpoloap/auth_checkwa.php on line 2
[02-Jul-2026 05:29:09 UTC] PHP Notice:  session_start(): Ignoring session_start() because a session is already active in /home/wegqxcgv/subdomains/app.reqra.my.id/jwdpoloap/auth_checkwa.php on line 2
[02-Jul-2026 05:29:21 UTC] PHP Notice:  session_start(): Ignoring session_start() because a session is already active in /home/wegqxcgv/subdomains/app.reqra.my.id/jwdpoloap/auth_checkwa.php on line 2
[02-Jul-2026 05:29:32 UTC] PHP Notice:  session_start(): Ignoring session_start() because a session is already active in /home/wegqxcgv/subdomains/app.reqra.my.id/jwdpoloap/auth_checkwa.php on line 2
[03-Jul-2026 07:50:26 UTC] PHP Notice:  session_start(): Ignoring session_start() because a session is already active in /home/wegqxcgv/subdomains/app.reqra.my.id/jwdpoloap/auth_checkwa.php on line 2
[03-Jul-2026 07:50:26 UTC] PHP Notice:  session_start(): Ignoring session_start() because a session is already active in /home/wegqxcgv/subdomains/app.reqra.my.id/jwdpoloap/auth_checkwa.php on line 2
[05-Jul-2026 13:25:30 UTC] PHP Notice:  session_start(): Ignoring session_start() because a session is already active in /home/wegqxcgv/subdomains/app.reqra.my.id/jwdpoloap/auth_checkwa.php on line 2
[05-Jul-2026 13:25:32 UTC] PHP Notice:  session_start(): Ignoring session_start() because a session is already active in /home/wegqxcgv/subdomains/app.reqra.my.id/jwdpoloap/auth_checkwa.php on line 2
[05-Jul-2026 13:25:50 UTC] PHP Notice:  session_start(): Ignoring session_start() because a session is already active in /home/wegqxcgv/subdomains/app.reqra.my.id/jwdpoloap/auth_checkwa.php on line 2
[05-Jul-2026 13:27:43 UTC] PHP Notice:  session_start(): Ignoring session_start() because a session is already active in /home/wegqxcgv/subdomains/app.reqra.my.id/jwdpoloap/auth_checkwa.php on line 2
[05-Jul-2026 13:36:33 UTC] PHP Notice:  session_start(): Ignoring session_start() because a session is already active in /home/wegqxcgv/subdomains/app.reqra.my.id/jwdpoloap/auth_checkwa.php on line 2
[05-Jul-2026 13:36:47 UTC] PHP Notice:  session_start(): Ignoring session_start() because a session is already active in /home/wegqxcgv/subdomains/app.reqra.my.id/jwdpoloap/auth_checkwa.php on line 2
[05-Jul-2026 13:36:55 UTC] PHP Notice:  session_start(): Ignoring session_start() because a session is already active in /home/wegqxcgv/subdomains/app.reqra.my.id/jwdpoloap/auth_checkwa.php on line 2
[05-Jul-2026 13:36:57 UTC] PHP Notice:  session_start(): Ignoring session_start() because a session is already active in /home/wegqxcgv/subdomains/app.reqra.my.id/jwdpoloap/auth_checkwa.php on line 2
[05-Jul-2026 13:36:58 UTC] PHP Notice:  session_start(): Ignoring session_start() because a session is already active in /home/wegqxcgv/subdomains/app.reqra.my.id/jwdpoloap/auth_checkwa.php on line 2
[05-Jul-2026 13:37:09 UTC] PHP Notice:  session_start(): Ignoring session_start() because a session is already active in /home/wegqxcgv/subdomains/app.reqra.my.id/jwdpoloap/auth_checkwa.php on line 2
[05-Jul-2026 13:37:16 UTC] PHP Notice:  session_start(): Ignoring session_start() because a session is already active in /home/wegqxcgv/subdomains/app.reqra.my.id/jwdpoloap/auth_checkwa.php on line 2
[05-Jul-2026 13:37:22 UTC] PHP Notice:  session_start(): Ignoring session_start() because a session is already active in /home/wegqxcgv/subdomains/app.reqra.my.id/jwdpoloap/auth_checkwa.php on line 2
[05-Jul-2026 13:37:41 UTC] PHP Notice:  session_start(): Ignoring session_start() because a session is already active in /home/wegqxcgv/subdomains/app.reqra.my.id/jwdpoloap/auth_checkwa.php on line 2
[05-Jul-2026 13:37:41 UTC] PHP Notice:  session_start(): Ignoring session_start() because a session is already active in /home/wegqxcgv/subdomains/app.reqra.my.id/jwdpoloap/auth_checkwa.php on line 2
[05-Jul-2026 13:37:45 UTC] PHP Notice:  session_start(): Ignoring session_start() because a session is already active in /home/wegqxcgv/subdomains/app.reqra.my.id/jwdpoloap/auth_checkwa.php on line 2
[05-Jul-2026 13:37:46 UTC] PHP Notice:  session_start(): Ignoring session_start() because a session is already active in /home/wegqxcgv/subdomains/app.reqra.my.id/jwdpoloap/auth_checkwa.php on line 2
[05-Jul-2026 13:37:54 UTC] PHP Notice:  session_start(): Ignoring session_start() because a session is already active in /home/wegqxcgv/subdomains/app.reqra.my.id/jwdpoloap/auth_checkwa.php on line 2
[05-Jul-2026 13:37:55 UTC] PHP Notice:  session_start(): Ignoring session_start() because a session is already active in /home/wegqxcgv/subdomains/app.reqra.my.id/jwdpoloap/auth_checkwa.php on line 2
[05-Jul-2026 13:55:11 UTC] PHP Notice:  session_start(): Ignoring session_start() because a session is already active in /home/wegqxcgv/subdomains/app.reqra.my.id/jwdpoloap/auth_checkwa.php on line 2
[05-Jul-2026 13:55:12 UTC] PHP Notice:  session_start(): Ignoring session_start() because a session is already active in /home/wegqxcgv/subdomains/app.reqra.my.id/jwdpoloap/auth_checkwa.php on line 2
[05-Jul-2026 13:57:40 UTC] PHP Notice:  session_start(): Ignoring session_start() because a session is already active in /home/wegqxcgv/subdomains/app.reqra.my.id/jwdpoloap/auth_checkwa.php on line 2
[05-Jul-2026 13:58:11 UTC] PHP Notice:  session_start(): Ignoring session_start() because a session is already active in /home/wegqxcgv/subdomains/app.reqra.my.id/jwdpoloap/auth_checkwa.php on line 2
[05-Jul-2026 13:58:14 UTC] PHP Notice:  session_start(): Ignoring session_start() because a session is already active in /home/wegqxcgv/subdomains/app.reqra.my.id/jwdpoloap/auth_checkwa.php on line 2
[05-Jul-2026 14:02:08 UTC] PHP Notice:  session_start(): Ignoring session_start() because a session is already active in /home/wegqxcgv/subdomains/app.reqra.my.id/jwdpoloap/auth_checkwa.php on line 2
[05-Jul-2026 14:03:01 UTC] PHP Notice:  session_start(): Ignoring session_start() because a session is already active in /home/wegqxcgv/subdomains/app.reqra.my.id/jwdpoloap/auth_checkwa.php on line 2
[05-Jul-2026 14:03:17 UTC] PHP Notice:  session_start(): Ignoring session_start() because a session is already active in /home/wegqxcgv/subdomains/app.reqra.my.id/jwdpoloap/auth_checkwa.php on line 2
[05-Jul-2026 14:03:18 UTC] PHP Notice:  session_start(): Ignoring session_start() because a session is already active in /home/wegqxcgv/subdomains/app.reqra.my.id/jwdpoloap/auth_checkwa.php on line 2
[05-Jul-2026 14:03:37 UTC] PHP Notice:  session_start(): Ignoring session_start() because a session is already active in /home/wegqxcgv/subdomains/app.reqra.my.id/jwdpoloap/auth_checkwa.php on line 2
[05-Jul-2026 14:03:38 UTC] PHP Notice:  session_start(): Ignoring session_start() because a session is already active in /home/wegqxcgv/subdomains/app.reqra.my.id/jwdpoloap/auth_checkwa.php on line 2
[05-Jul-2026 14:04:34 UTC] PHP Notice:  session_start(): Ignoring session_start() because a session is already active in /home/wegqxcgv/subdomains/app.reqra.my.id/jwdpoloap/auth_checkwa.php on line 2
[05-Jul-2026 14:05:07 UTC] PHP Notice:  session_start(): Ignoring session_start() because a session is already active in /home/wegqxcgv/subdomains/app.reqra.my.id/jwdpoloap/auth_checkwa.php on line 2
[12-Jul-2026 03:06:13 UTC] PHP Notice:  session_start(): Ignoring session_start() because a session is already active in /home/wegqxcgv/subdomains/app.reqra.my.id/jwdpoloap/auth_checkwa.php on line 2
[12-Jul-2026 03:08:31 UTC] PHP Notice:  session_start(): Ignoring session_start() because a session is already active in /home/wegqxcgv/subdomains/app.reqra.my.id/jwdpoloap/auth_checkwa.php on line 2
[12-Jul-2026 03:08:41 UTC] PHP Notice:  session_start(): Ignoring session_start() because a session is already active in /home/wegqxcgv/subdomains/app.reqra.my.id/jwdpoloap/auth_checkwa.php on line 2
[12-Jul-2026 03:08:47 UTC] PHP Notice:  session_start(): Ignoring session_start() because a session is already active in /home/wegqxcgv/subdomains/app.reqra.my.id/jwdpoloap/auth_checkwa.php on line 2
[12-Jul-2026 03:08:56 UTC] PHP Notice:  session_start(): Ignoring session_start() because a session is already active in /home/wegqxcgv/subdomains/app.reqra.my.id/jwdpoloap/auth_checkwa.php on line 2
[12-Jul-2026 03:09:19 UTC] PHP Notice:  session_start(): Ignoring session_start() because a session is already active in /home/wegqxcgv/subdomains/app.reqra.my.id/jwdpoloap/auth_checkwa.php on line 2
[12-Jul-2026 03:39:10 UTC] PHP Notice:  session_start(): Ignoring session_start() because a session is already active in /home/wegqxcgv/subdomains/app.reqra.my.id/jwdpoloap/auth_checkwa.php on line 2
[12-Jul-2026 03:39:12 UTC] PHP Notice:  session_start(): Ignoring session_start() because a session is already active in /home/wegqxcgv/subdomains/app.reqra.my.id/jwdpoloap/auth_checkwa.php on line 2
[12-Jul-2026 03:39:26 UTC] PHP Notice:  session_start(): Ignoring session_start() because a session is already active in /home/wegqxcgv/subdomains/app.reqra.my.id/jwdpoloap/auth_checkwa.php on line 2
[12-Jul-2026 03:39:42 UTC] PHP Notice:  session_start(): Ignoring session_start() because a session is already active in /home/wegqxcgv/subdomains/app.reqra.my.id/jwdpoloap/auth_checkwa.php on line 2
[17-Jul-2026 14:27:05 Asia/Jakarta] Database Error: SQLSTATE[HY000] [1040] Too many connections
[13-Sep-2026 12:53:08 Asia/Jakarta] Database Error: SQLSTATE[HY000] [1040] Too many connections
